Archive member included because of file (symbol)

/home/pete/code/wire3d/Wire/lib/libWire.a(WireColorRGBA.o)
                              GameApplication.o (_ZN4Wire9ColorRGBA5BLACKE)
/home/pete/code/wire3d/Wire/lib/libWire.a(WireNoisePerlin.o)
                              GameApplication.o (_ZN4Wire15NoisePerlinBase18RegisterInitializeEv)
/home/pete/code/wire3d/Wire/lib/libWire.a(WireMain.o)
                              GameApplication.o (_ZN4Wire4Main10InitializeEv)
/home/pete/code/wire3d/Wire/lib/libWire.a(WireApplication.o)
                              GameApplication.o (_ZN4Wire11Application8OnResizeEjj)
/home/pete/code/wire3d/Wire/lib/libWire.a(WireGXApplication.o)
                              GameApplication.o (_ZN4Wire13GXApplication11OnPrecreateEv)
/home/pete/code/wire3d/Wire/lib/libWire.a(WireStateMaterial.o)
                              GameApplication.o (_ZN4Wire13StateMaterial18RegisterInitializeEv)
/home/pete/code/wire3d/Wire/lib/libWire.a(WireRenderer.o)
                              GameApplication.o (_ZN4Wire8Renderer4DrawEPNS_8GeometryE)
/home/pete/code/wire3d/Wire/lib/libWire.a(WireStateCull.o)
                              GameApplication.o (_ZN4Wire9StateCull18RegisterInitializeEv)
/home/pete/code/wire3d/Wire/lib/libWire.a(WireObject.o)
                              GameApplication.o (_ZN4Wire6Object19DecrementReferencesEv)
/home/pete/code/wire3d/Wire/lib/libWire.a(WireState.o)
                              /home/pete/code/wire3d/Wire/lib/libWire.a(WireStateMaterial.o) (_ZN4Wire5State4TYPEE)
/home/pete/code/wire3d/Wire/lib/libWire.a(WireCamera.o)
                              GameApplication.o (_ZN4Wire6Camera6LookAtERKNS_7Vector3IfEES4_S4_)
/home/pete/code/wire3d/Wire/lib/libWire.a(WireGeometry.o)
                              /home/pete/code/wire3d/Wire/lib/libWire.a(WireRenderer.o) (_ZN4Wire8Geometry4TYPEE)
/home/pete/code/wire3d/Wire/lib/libWire.a(WireSpatial.o)
                              /home/pete/code/wire3d/Wire/lib/libWire.a(WireGeometry.o) (_ZN4Wire7Spatial4TYPEE)
/home/pete/code/wire3d/Wire/lib/libWire.a(WireStandardMesh.o)
                              GameApplication.o (_ZN4Wire12StandardMesh17RegisterTerminateEv)
/home/pete/code/wire3d/Wire/lib/libWire.a(WireStateAlpha.o)
                              GameApplication.o (_ZN4Wire10StateAlpha18RegisterInitializeEv)
/home/pete/code/wire3d/Wire/lib/libWire.a(WireImage2D.o)
                              /home/pete/code/wire3d/Wire/lib/libWire.a(WireStandardMesh.o) (_ZNK4Wire7Image2D8GetBoundEjj)
/home/pete/code/wire3d/Wire/lib/libWire.a(WireVertexAttributes.o)
                              /home/pete/code/wire3d/Wire/lib/libWire.a(WireStandardMesh.o) (_ZN4Wire16VertexAttributesD1Ev)
/home/pete/code/wire3d/Wire/lib/libWire.a(WireStateFog.o)
                              GameApplication.o (_ZN4Wire8StateFog18RegisterInitializeEv)
/home/pete/code/wire3d/Wire/lib/libWire.a(WireStateZBuffer.o)
                              GameApplication.o (_ZN4Wire12StateZBuffer18RegisterInitializeEv)
/home/pete/code/wire3d/Wire/lib/libWire.a(WireCuller.o)
                              /home/pete/code/wire3d/Wire/lib/libWire.a(WireSpatial.o) (_ZN4Wire6Culler9IsVisibleEPKNS_14BoundingVolumeE)
/home/pete/code/wire3d/Wire/lib/libWire.a(WireMaterial.o)
                              /home/pete/code/wire3d/Wire/lib/libWire.a(WireStandardMesh.o) (_ZN4Wire8MaterialC1Ev)
/home/pete/code/wire3d/Wire/lib/libWire.a(WireSceneObject.o)
                              /home/pete/code/wire3d/Wire/lib/libWire.a(WireSpatial.o) (_ZN4Wire11SceneObject4TYPEE)
/home/pete/code/wire3d/Wire/lib/libWire.a(WireRtti.o)
                              /home/pete/code/wire3d/Wire/lib/libWire.a(WireStateMaterial.o) (_ZN4Wire4RttiC1EPKcPKS0_)
/home/pete/code/wire3d/Wire/lib/libWire.a(WireStateWireframe.o)
                              GameApplication.o (_ZN4Wire14StateWireframe18RegisterInitializeEv)
/home/pete/code/wire3d/Wire/lib/libWire.a(WireNode.o)
                              /home/pete/code/wire3d/Wire/lib/libWire.a(WireRenderer.o) (_ZN4Wire4Node4TYPEE)
/home/pete/code/wire3d/Wire/lib/libWire.a(WireGXRenderer.o)
                              GameApplication.o (_ZN4Wire8Renderer12ClearBuffersEv)
/home/pete/code/wire3d/Wire/lib/libWire.a(WireGXTexture2D.o)
                              /home/pete/code/wire3d/Wire/lib/libWire.a(WireRenderer.o) (_ZN4Wire12PdrTexture2DC1EPNS_8RendererEPKNS_9Texture2DE)
/home/pete/code/wire3d/Wire/lib/libWire.a(WireGXVertexBuffer.o)
                              /home/pete/code/wire3d/Wire/lib/libWire.a(WireRenderer.o) (_ZN4Wire15PdrVertexBufferD1Ev)
/home/pete/code/wire3d/Wire/lib/libWire.a(WireGXBlendMode.o)
                              /home/pete/code/wire3d/Wire/lib/libWire.a(WireRenderer.o) (_ZN4Wire8Renderer12SetBlendModeENS_8Material9BlendModeEjb)
/home/pete/code/wire3d/Wire/lib/libWire.a(WireGXStateFog.o)
[...]
Memory Configuration

Name             Origin             Length             Attributes
*default*        0x0000000000000000 0xffffffffffffffff

Linker script and memory map

                0x0000000000003400                . = 0x3400

.stub
 *(.stub)
                0x0000000080004000                . = 0x80004000

.init           0x0000000080004000      0x194
 *crt0.o(*.init)
 .init          0x0000000080004000      0x170 /opt/devkitpro/libogc/lib/wii/libogc.a(ogc_crt0.o)
                0x0000000080004000                _start
                0x0000000080004140                _memset
 *(.init)
 .init          0x0000000080004170        0xc /opt/devkitpro/devkitPPC/lib/gcc/powerpc-eabi/4.5.1/ecrti.o
                0x0000000080004170                __init
 .init          0x000000008000417c        0x4 /opt/devkitpro/devkitPPC/lib/gcc/powerpc-eabi/4.5.1/crtbegin.o
 .init          0x0000000080004180        0x4 /opt/devkitpro/devkitPPC/lib/gcc/powerpc-eabi/4.5.1/crtend.o
 .init          0x0000000080004184       0x10 /opt/devkitpro/devkitPPC/lib/gcc/powerpc-eabi/4.5.1/ecrtn.o

.rela.dyn       0x0000000080004194        0x0
 .rela.iplt     0x0000000000000000        0x0 /opt/devkitpro/devkitPPC/lib/gcc/powerpc-eabi/4.5.1/crtbegin.o
 .rela.eh_frame
                0x0000000000000000        0x0 /opt/devkitpro/devkitPPC/lib/gcc/powerpc-eabi/4.5.1/crtbegin.o
 .rela.gcc_except_table._Znaj
                0x0000000000000000        0x0 /opt/devkitpro/devkitPPC/lib/gcc/powerpc-eabi/4.5.1/crtbegin.o
 .rela.gcc_except_table._ZN9__gnu_cxx27__verbose_terminate_handlerEv
                0x0000000000000000        0x0 /opt/devkitpro/devkitPPC/lib/gcc/powerpc-eabi/4.5.1/crtbegin.o
 .rela.gcc_except_table._Znwj
                0x0000000000000000        0x0 /opt/devkitpro/devkitPPC/lib/gcc/powerpc-eabi/4.5.1/crtbegin.o

.plt
 *(.plt)

.interp
 *(.interp)

.hash
 *(.hash)

.dynsym
 *(.dynsym)

.dynstr
 *(.dynstr)

.gnu.version
 *(.gnu.version)

.gnu.version_d
 *(.gnu.version_d)

.gnu.version_r
 *(.gnu.version_r)

.rel.init
 *(.rel.init)

.rela.init      0x0000000080004194        0x0
 *(.rela.init)
 .rela.init     0x0000000000000000        0x0 /opt/devkitpro/devkitPPC/lib/gcc/powerpc-eabi/4.5.1/crtbegin.o

.rel.text
 *(.rel.text .rel.text.* .rel.gnu.linkonce.t.*)

.rela.text      0x0000000080004194        0x0
 *(.rela.text .rela.text.* .rela.gnu.linkonce.t.*)
 .rela.text     0x0000000000000000        0x0 /opt/devkitpro/devkitPPC/lib/gcc/powerpc-eabi/4.5.1/crtbegin.o
 .rela.text._ZN15GameApplicationD2Ev
                0x0000000000000000        0x0 /opt/devkitpro/devkitPPC/lib/gcc/powerpc-eabi/4.5.1/crtbegin.o
 .rela.text._ZN15GameApplicationD0Ev
                0x0000000000000000        0x0 /opt/devkitpro/devkitPPC/lib/gcc/powerpc-eabi/4.5.1/crtbegin.o
 .rela.text._ZN5PointIiED2Ev
                0x0000000000000000        0x0 /opt/devkitpro/devkitPPC/lib/gcc/powerpc-eabi/4.5.1/crtbegin.o
 .rela.text._ZN5PointIiED0Ev
                0x0000000000000000        0x0 /opt/devkitpro/devkitPPC/lib/gcc/powerpc-eabi/4.5.1/crtbegin.o
 .rela.text._ZN4Wire11DynamicCastINS_4NodeEEEPKT_PKNS_6ObjectE
                0x0000000000000000        0x0 /opt/devkitpro/devkitPPC/lib/gcc/powerpc-eabi/4.5.1/crtbegin.o
 .rela.text._ZN4Wire11DynamicCastINS_8GeometryEEEPKT_PKNS_6ObjectE
                0x0000000000000000        0x0 /opt/devkitpro/devkitPPC/lib/gcc/powerpc-eabi/4.5.1/crtbegin.o
 .rela.text._ZN4Wire7Vector3IfE14OrthonormalizeERS1_S2_S2_
                0x0000000000000000        0x0 /opt/devkitpro/devkitPPC/lib/gcc/powerpc-eabi/4.5.1/crtbegin.o
 .rela.text._ZNK4Wire8Matrix34IfE7InverseEv
                0x0000000000000000        0x0 /opt/devkitpro/devkitPPC/lib/gcc/powerpc-eabi/4.5.1/crtbegin.o
 .rela.text.wiiuse_handshake_expansion
                0x0000000000000000        0x0 /opt/devkitpro/devkitPPC/lib/gcc/powerpc-eabi/4.5.1/crtbegin.o
 .rela.text.wiiuse_handshake
                0x0000000000000000        0x0 /opt/devkitpro/devkitPPC/lib/gcc/powerpc-eabi/4.5.1/crtbegin.o
 .rela.text.wiiuse_init_cmd_queue
                0x0000000000000000        0x0 /opt/devkitpro/devkitPPC/lib/gcc/powerpc-eabi/4.5.1/crtbegin.o
 .rela.text.wiiuse_init
                0x0000000000000000        0x0 /opt/devkitpro/devkitPPC/lib/gcc/powerpc-eabi/4.5.1/crtbegin.o
 .rela.text.bt_alarmhandler
                0x0000000000000000        0x0 /opt/devkitpro/devkitPPC/lib/gcc/powerpc-eabi/4.5.1/crtbegin.o
 .rela.text.__console_init
                0x0000000000000000        0x0 /opt/devkitpro/devkitPPC/lib/gcc/powerpc-eabi/4.5.1/crtbegin.o
 .rela.text.__console_init_ex
                0x0000000000000000        0x0 /opt/devkitpro/devkitPPC/lib/gcc/powerpc-eabi/4.5.1/crtbegin.o
 .rela.text.CON_EnableGecko
                0x0000000000000000        0x0 /opt/devkitpro/devkitPPC/lib/gcc/powerpc-eabi/4.5.1/crtbegin.o
 .rela.text.__lwp_thread_calcheir
                0x0000000000000000        0x0 /opt/devkitpro/devkitPPC/lib/gcc/powerpc-eabi/4.5.1/crtbegin.o
 .rela.text.__lwp_wd_insert_ticks.clone.2
                0x0000000000000000        0x0 /opt/devkitpro/devkitPPC/lib/gcc/powerpc-eabi/4.5.1/crtbegin.o
 .rela.text.__lwp_rotate_readyqueue
                0x0000000000000000        0x0 /opt/devkitpro/devkitPPC/lib/gcc/powerpc-eabi/4.5.1/crtbegin.o
 .rela.text.__lwp_thread_setpriority
                0x0000000000000000        0x0 /opt/devkitpro/devkitPPC/lib/gcc/powerpc-eabi/4.5.1/crtbegin.o
 .rela.text.__lwp_thread_close
                0x0000000000000000        0x0 /opt/devkitpro/devkitPPC/lib/gcc/powerpc-eabi/4.5.1/crtbegin.o
 .rela.text.__lwp_thread_closeall
                0x0000000000000000        0x0 /opt/devkitpro/devkitPPC/lib/gcc/powerpc-eabi/4.5.1/crtbegin.o
 .rela.text.__lwp_thread_startmultitasking
                0x0000000000000000        0x0 /opt/devkitpro/devkitPPC/lib/gcc/powerpc-eabi/4.5.1/crtbegin.o
 .rela.text.__lwp_thread_stopmultitasking
                0x0000000000000000        0x0 /opt/devkitpro/devkitPPC/lib/gcc/powerpc-eabi/4.5.1/crtbegin.o
 .rela.text.__lwp_thread_coreinit
                0x0000000000000000        0x0 /opt/devkitpro/devkitPPC/lib/gcc/powerpc-eabi/4.5.1/crtbegin.o
 .rela.text.__lwp_tqueue_open
                0x0000000000000000        0x0 /opt/devkitpro/devkitPPC/lib/gcc/powerpc-eabi/4.5.1/crtbegin.o
 .rela.text.__lwp_cntrl_open
                0x0000000000000000        0x0 /opt/devkitpro/devkitPPC/lib/gcc/powerpc-eabi/4.5.1/crtbegin.o
 .rela.text.__lwp_cntrl_free
                0x0000000000000000        0x0 /opt/devkitpro/devkitPPC/lib/gcc/powerpc-eabi/4.5.1/crtbegin.o
 .rela.text.__lwp_sysinit
                0x0000000000000000        0x0 /opt/devkitpro/devkitPPC/lib/gcc/powerpc-eabi/4.5.1/crtbegin.o
 .rela.text.__lwp_thread_isalive
                0x0000000000000000        0x0 /opt/devkitpro/devkitPPC/lib/gcc/powerpc-eabi/4.5.1/crtbegin.o
 .rela.text.__lwp_thread_exists
                0x0000000000000000        0x0 /opt/devkitpro/devkitPPC/lib/gcc/powerpc-eabi/4.5.1/crtbegin.o
 .rela.text.__lwp_thread_context
                0x0000000000000000        0x0 /opt/devkitpro/devkitPPC/lib/gcc/powerpc-eabi/4.5.1/crtbegin.o
 .rela.text.LWP_CreateThread
                0x0000000000000000        0x0 /opt/devkitpro/devkitPPC/lib/gcc/powerpc-eabi/4.5.1/crtbegin.o
 .rela.text.LWP_InitQueue
                0x0000000000000000        0x0 /opt/devkitpro/devkitPPC/lib/gcc/powerpc-eabi/4.5.1/crtbegin.o
 .rela.text.LWP_CloseQueue
                0x0000000000000000        0x0 /opt/devkitpro/devkitPPC/lib/gcc/powerpc-eabi/4.5.1/crtbegin.o
 .rela.text.__lwp_stack_allocate
                0x0000000000000000        0x0 /opt/devkitpro/devkitPPC/lib/gcc/powerpc-eabi/4.5.1/crtbegin.o
 .rela.text.__lwp_stack_free
                0x0000000000000000        0x0 /opt/devkitpro/devkitPPC/lib/gcc/powerpc-eabi/4.5.1/crtbegin.o
 .rela.text.__lwp_watchdog_init
                0x0000000000000000        0x0 /opt/devkitpro/devkitPPC/lib/gcc/powerpc-eabi/4.5.1/crtbegin.o
 .rela.text.__lwp_wd_tickle
                0x0000000000000000        0x0 /opt/devkitpro/devkitPPC/lib/gcc/powerpc-eabi/4.5.1/crtbegin.o
 .rela.text.__lwp_wkspace_heapfree
                0x0000000000000000        0x0 /opt/devkitpro/devkitPPC/lib/gcc/powerpc-eabi/4.5.1/crtbegin.o
 .rela.text.__lwp_wkspace_heapused
                0x0000000000000000        0x0 /opt/devkitpro/devkitPPC/lib/gcc/powerpc-eabi/4.5.1/crtbegin.o
 .rela.text.__lwp_wkspace_init
                0x0000000000000000        0x0 /opt/devkitpro/devkitPPC/lib/gcc/powerpc-eabi/4.5.1/crtbegin.o
 .rela.text.__lwp_objmgr_initinfo
                0x0000000000000000        0x0 /opt/devkitpro/devkitPPC/lib/gcc/powerpc-eabi/4.5.1/crtbegin.o
 .rela.text.__irq_init
                0x0000000000000000        0x0 /opt/devkitpro/devkitPPC/lib/gcc/powerpc-eabi/4.5.1/crtbegin.o
 .rela.text.__call_resetfuncs
                0x0000000000000000        0x0 /opt/devkitpro/devkitPPC/lib/gcc/powerpc-eabi/4.5.1/crtbegin.o
 .rela.text.__locksram
                0x0000000000000000        0x0 /opt/devkitpro/devkitPPC/lib/gcc/powerpc-eabi/4.5.1/crtbegin.o
 .rela.text.__sys_alarmhandler
                0x0000000000000000        0x0 /opt/devkitpro/devkitPPC/lib/gcc/powerpc-eabi/4.5.1/crtbegin.o
 .rela.text.__unlocksram
                0x0000000000000000        0x0 /opt/devkitpro/devkitPPC/lib/gcc/powerpc-eabi/4.5.1/crtbegin.o
 .rela.text.__sram_writecallback
                0x0000000000000000        0x0 /opt/devkitpro/devkitPPC/lib/gcc/powerpc-eabi/4.5.1/crtbegin.o
 .rela.text.__sram_init
                0x0000000000000000        0x0 /opt/devkitpro/devkitPPC/lib/gcc/powerpc-eabi/4.5.1/crtbegin.o
 .rela.text.__SYS_SyncSram
                0x0000000000000000        0x0 /opt/devkitpro/devkitPPC/lib/gcc/powerpc-eabi/4.5.1/crtbegin.o
 .rela.text.SYS_Init
                0x0000000000000000        0x0 /opt/devkitpro/devkitPPC/lib/gcc/powerpc-eabi/4.5.1/crtbegin.o
 .rela.text.SYS_SetAlarm
                0x0000000000000000        0x0 /opt/devkitpro/devkitPPC/lib/gcc/powerpc-eabi/4.5.1/crtbegin.o
 .rela.text.SYS_SetPeriodicAlarm
                0x0000000000000000        0x0 /opt/devkitpro/devkitPPC/lib/gcc/powerpc-eabi/4.5.1/crtbegin.o
 .rela.text.SYS_RemoveAlarm
                0x0000000000000000        0x0 /opt/devkitpro/devkitPPC/lib/gcc/powerpc-eabi/4.5.1/crtbegin.o
 .rela.text.SYS_CancelAlarm
                0x0000000000000000        0x0 /opt/devkitpro/devkitPPC/lib/gcc/powerpc-eabi/4.5.1/crtbegin.o
 .rela.text.__lwp_cond_open
                0x0000000000000000        0x0 /opt/devkitpro/devkitPPC/lib/gcc/powerpc-eabi/4.5.1/crtbegin.o
 .rela.text.__lwp_cond_init
                0x0000000000000000        0x0 /opt/devkitpro/devkitPPC/lib/gcc/powerpc-eabi/4.5.1/crtbegin.o
 .rela.text.LWP_CondInit
                0x0000000000000000        0x0 /opt/devkitpro/devkitPPC/lib/gcc/powerpc-eabi/4.5.1/crtbegin.o
 .rela.text.LWP_CondDestroy
                0x0000000000000000        0x0 /opt/devkitpro/devkitPPC/lib/gcc/powerpc-eabi/4.5.1/crtbegin.o
 .rela.text.__GX_FifoLink
                0x0000000000000000        0x0 /opt/devkitpro/devkitPPC/lib/gcc/powerpc-eabi/4.5.1/crtbegin.o
 .rela.text.__GX_WriteFifoIntEnable
                0x0000000000000000        0x0 /opt/devkitpro/devkitPPC/lib/gcc/powerpc-eabi/4.5.1/crtbegin.o
 .rela.text.__GX_FifoReadEnable
                0x0000000000000000        0x0 /opt/devkitpro/devkitPPC/lib/gcc/powerpc-eabi/4.5.1/crtbegin.o
 .rela.text.__GX_FifoReadDisable
                0x0000000000000000        0x0 /opt/devkitpro/devkitPPC/lib/gcc/powerpc-eabi/4.5.1/crtbegin.o
 .rela.text.__GX_InitRevBits
                0x0000000000000000        0x0 /opt/devkitpro/devkitPPC/lib/gcc/powerpc-eabi/4.5.1/crtbegin.o
 .rela.text.__GXDefTexRegionCallback
                0x0000000000000000        0x0 /opt/devkitpro/devkitPPC/lib/gcc/powerpc-eabi/4.5.1/crtbegin.o
 .rela.text.__GXDefTlutRegionCallback
                0x0000000000000000        0x0 /opt/devkitpro/devkitPPC/lib/gcc/powerpc-eabi/4.5.1/crtbegin.o
 .rela.text.__GX_FlushTextureState
                0x0000000000000000        0x0 /opt/devkitpro/devkitPPC/lib/gcc/powerpc-eabi/4.5.1/crtbegin.o
 .rela.text.__GX_SetMatrixIndex
                0x0000000000000000        0x0 /opt/devkitpro/devkitPPC/lib/gcc/powerpc-eabi/4.5.1/crtbegin.o
 .rela.text.__SetSURegs
                0x0000000000000000        0x0 /opt/devkitpro/devkitPPC/lib/gcc/powerpc-eabi/4.5.1/crtbegin.o
 .rela.text.__GX_SetDirtyState
                0x0000000000000000        0x0 /opt/devkitpro/devkitPPC/lib/gcc/powerpc-eabi/4.5.1/crtbegin.o
 .rela.text.__SETVCDATTR
                0x0000000000000000        0x0 /opt/devkitpro/devkitPPC/lib/gcc/powerpc-eabi/4.5.1/crtbegin.o
 .rela.text.__SETVCDFMT
                0x0000000000000000        0x0 /opt/devkitpro/devkitPPC/lib/gcc/powerpc-eabi/4.5.1/crtbegin.o
 .rela.text.__GX_WriteFifoIntReset.clone.1
                0x0000000000000000        0x0 /opt/devkitpro/devkitPPC/lib/gcc/powerpc-eabi/4.5.1/crtbegin.o
 .rela.text.__GXCPInterruptHandler
                0x0000000000000000        0x0 /opt/devkitpro/devkitPPC/lib/gcc/powerpc-eabi/4.5.1/crtbegin.o
 .rela.text.GX_Flush
                0x0000000000000000        0x0 /opt/devkitpro/devkitPPC/lib/gcc/powerpc-eabi/4.5.1/crtbegin.o
 .rela.text.GX_EnableBreakPt
                0x0000000000000000        0x0 /opt/devkitpro/devkitPPC/lib/gcc/powerpc-eabi/4.5.1/crtbegin.o
 .rela.text.GX_DisableBreakPt
                0x0000000000000000        0x0 /opt/devkitpro/devkitPPC/lib/gcc/powerpc-eabi/4.5.1/crtbegin.o
 .rela.text.GX_AbortFrame
                0x0000000000000000        0x0 /opt/devkitpro/devkitPPC/lib/gcc/powerpc-eabi/4.5.1/crtbegin.o
 .rela.text.GX_PixModeSync
                0x0000000000000000        0x0 /opt/devkitpro/devkitPPC/lib/gcc/powerpc-eabi/4.5.1/crtbegin.o
 .rela.text.GX_SetMisc
                0x0000000000000000        0x0 /opt/devkitpro/devkitPPC/lib/gcc/powerpc-eabi/4.5.1/crtbegin.o
 .rela.text.GX_SetCopyClamp
                0x0000000000000000        0x0 /opt/devkitpro/devkitPPC/lib/gcc/powerpc-eabi/4.5.1/crtbegin.o
 .rela.text.GX_SetDispCopyGamma
                0x0000000000000000        0x0 /opt/devkitpro/devkitPPC/lib/gcc/powerpc-eabi/4.5.1/crtbegin.o
 .rela.text.GX_SetDispCopyFrame2Field
                0x0000000000000000        0x0 /opt/devkitpro/devkitPPC/lib/gcc/powerpc-eabi/4.5.1/crtbegin.o
 .rela.text.GX_SetDispCopyYScale
                0x0000000000000000        0x0 /opt/devkitpro/devkitPPC/lib/gcc/powerpc-eabi/4.5.1/crtbegin.o
 .rela.text.GX_SetDispCopyDst
                0x0000000000000000        0x0 /opt/devkitpro/devkitPPC/lib/gcc/powerpc-eabi/4.5.1/crtbegin.o
 .rela.text.GX_SetDispCopySrc
                0x0000000000000000        0x0 /opt/devkitpro/devkitPPC/lib/gcc/powerpc-eabi/4.5.1/crtbegin.o
 .rela.text.GX_CopyDisp
                0x0000000000000000        0x0 /opt/devkitpro/devkitPPC/lib/gcc/powerpc-eabi/4.5.1/crtbegin.o
 .rela.text.GX_CopyTex
                0x0000000000000000        0x0 /opt/devkitpro/devkitPPC/lib/gcc/powerpc-eabi/4.5.1/crtbegin.o
 .rela.text.GX_SetTexCopySrc
                0x0000000000000000        0x0 /opt/devkitpro/devkitPPC/lib/gcc/powerpc-eabi/4.5.1/crtbegin.o
 .rela.text.GX_SetTexCopyDst
                0x0000000000000000        0x0 /opt/devkitpro/devkitPPC/lib/gcc/powerpc-eabi/4.5.1/crtbegin.o
 .rela.text.GX_BeginDispList
                0x0000000000000000        0x0 /opt/devkitpro/devkitPPC/lib/gcc/powerpc-eabi/4.5.1/crtbegin.o
 .rela.text.GX_EndDispList
                0x0000000000000000        0x0 /opt/devkitpro/devkitPPC/lib/gcc/powerpc-eabi/4.5.1/crtbegin.o
 .rela.text.GX_CallDispList
                0x0000000000000000        0x0 /opt/devkitpro/devkitPPC/lib/gcc/powerpc-eabi/4.5.1/crtbegin.o
 .rela.text.GX_SetChanCtrl
                0x0000000000000000        0x0 /opt/devkitpro/devkitPPC/lib/gcc/powerpc-eabi/4.5.1/crtbegin.o
 .rela.text.GX_SetChanAmbColor
                0x0000000000000000        0x0 /opt/devkitpro/devkitPPC/lib/gcc/powerpc-eabi/4.5.1/crtbegin.o
 .rela.text.GX_SetChanMatColor
                0x0000000000000000        0x0 /opt/devkitpro/devkitPPC/lib/gcc/powerpc-eabi/4.5.1/crtbegin.o
 .rela.text.GX_SetVtxDesc
                0x0000000000000000        0x0 /opt/devkitpro/devkitPPC/lib/gcc/powerpc-eabi/4.5.1/crtbegin.o
 .rela.text.GX_SetVtxDescv
                0x0000000000000000        0x0 /opt/devkitpro/devkitPPC/lib/gcc/powerpc-eabi/4.5.1/crtbegin.o
 .rela.text.GX_GetVtxDescv
                0x0000000000000000        0x0 /opt/devkitpro/devkitPPC/lib/gcc/powerpc-eabi/4.5.1/crtbegin.o
 .rela.text.GX_SetVtxAttrFmt
                0x0000000000000000        0x0 /opt/devkitpro/devkitPPC/lib/gcc/powerpc-eabi/4.5.1/crtbegin.o
 .rela.text.GX_SetVtxAttrFmtv
                0x0000000000000000        0x0 /opt/devkitpro/devkitPPC/lib/gcc/powerpc-eabi/4.5.1/crtbegin.o
 .rela.text.GX_Begin
                0x0000000000000000        0x0 /opt/devkitpro/devkitPPC/lib/gcc/powerpc-eabi/4.5.1/crtbegin.o
 .rela.text.GX_SetTexCoordGen2
                0x0000000000000000        0x0 /opt/devkitpro/devkitPPC/lib/gcc/powerpc-eabi/4.5.1/crtbegin.o
 .rela.text.GX_SetCurrentMtx
                0x0000000000000000        0x0 /opt/devkitpro/devkitPPC/lib/gcc/powerpc-eabi/4.5.1/crtbegin.o
 .rela.text.GX_SetNumTexGens
                0x0000000000000000        0x0 /opt/devkitpro/devkitPPC/lib/gcc/powerpc-eabi/4.5.1/crtbegin.o
 .rela.text.GX_SetZMode
                0x0000000000000000        0x0 /opt/devkitpro/devkitPPC/lib/gcc/powerpc-eabi/4.5.1/crtbegin.o
 .rela.text.GX_LoadTexObjPreloaded
                0x0000000000000000        0x0 /opt/devkitpro/devkitPPC/lib/gcc/powerpc-eabi/4.5.1/crtbegin.o
 .rela.text.GX_SetTexCoordScaleManually
                0x0000000000000000        0x0 /opt/devkitpro/devkitPPC/lib/gcc/powerpc-eabi/4.5.1/crtbegin.o
 .rela.text.GX_SetTexCoordCylWrap
                0x0000000000000000        0x0 /opt/devkitpro/devkitPPC/lib/gcc/powerpc-eabi/4.5.1/crtbegin.o
 .rela.text.GX_SetTexCoordBias
                0x0000000000000000        0x0 /opt/devkitpro/devkitPPC/lib/gcc/powerpc-eabi/4.5.1/crtbegin.o
 .rela.text.GX_SetBlendMode
                0x0000000000000000        0x0 /opt/devkitpro/devkitPPC/lib/gcc/powerpc-eabi/4.5.1/crtbegin.o
 .rela.text.GX_ClearVtxDesc
                0x0000000000000000        0x0 /opt/devkitpro/devkitPPC/lib/gcc/powerpc-eabi/4.5.1/crtbegin.o
 .rela.text.GX_SetLineWidth
                0x0000000000000000        0x0 /opt/devkitpro/devkitPPC/lib/gcc/powerpc-eabi/4.5.1/crtbegin.o
 .rela.text.GX_SetPointSize
                0x0000000000000000        0x0 /opt/devkitpro/devkitPPC/lib/gcc/powerpc-eabi/4.5.1/crtbegin.o
 .rela.text.GX_SetTevColorIn
                0x0000000000000000        0x0 /opt/devkitpro/devkitPPC/lib/gcc/powerpc-eabi/4.5.1/crtbegin.o
 .rela.text.GX_SetTevAlphaIn
                0x0000000000000000        0x0 /opt/devkitpro/devkitPPC/lib/gcc/powerpc-eabi/4.5.1/crtbegin.o
 .rela.text.GX_SetTevColorOp
                0x0000000000000000        0x0 /opt/devkitpro/devkitPPC/lib/gcc/powerpc-eabi/4.5.1/crtbegin.o
 .rela.text.GX_SetTevAlphaOp
                0x0000000000000000        0x0 /opt/devkitpro/devkitPPC/lib/gcc/powerpc-eabi/4.5.1/crtbegin.o
 .rela.text.GX_SetCullMode
                0x0000000000000000        0x0 /opt/devkitpro/devkitPPC/lib/gcc/powerpc-eabi/4.5.1/crtbegin.o
 .rela.text.GX_SetCoPlanar
                0x0000000000000000        0x0 /opt/devkitpro/devkitPPC/lib/gcc/powerpc-eabi/4.5.1/crtbegin.o
 .rela.text.GX_EnableTexOffsets
                0x0000000000000000        0x0 /opt/devkitpro/devkitPPC/lib/gcc/powerpc-eabi/4.5.1/crtbegin.o
 .rela.text.GX_SetScissor
                0x0000000000000000        0x0 /opt/devkitpro/devkitPPC/lib/gcc/powerpc-eabi/4.5.1/crtbegin.o
 .rela.text.GX_SetNumChans
                0x0000000000000000        0x0 /opt/devkitpro/devkitPPC/lib/gcc/powerpc-eabi/4.5.1/crtbegin.o
 .rela.text.GX_SetTevOrder
                0x0000000000000000        0x0 /opt/devkitpro/devkitPPC/lib/gcc/powerpc-eabi/4.5.1/crtbegin.o
 .rela.text.GX_SetNumTevStages
                0x0000000000000000        0x0 /opt/devkitpro/devkitPPC/lib/gcc/powerpc-eabi/4.5.1/crtbegin.o
 .rela.text.GX_SetTevKColorSel
                0x0000000000000000        0x0 /opt/devkitpro/devkitPPC/lib/gcc/powerpc-eabi/4.5.1/crtbegin.o
 .rela.text.GX_SetTevKAlphaSel
                0x0000000000000000        0x0 /opt/devkitpro/devkitPPC/lib/gcc/powerpc-eabi/4.5.1/crtbegin.o
 .rela.text.GX_SetTevSwapMode
                0x0000000000000000        0x0 /opt/devkitpro/devkitPPC/lib/gcc/powerpc-eabi/4.5.1/crtbegin.o
 .rela.text.GX_SetTevSwapModeTable
                0x0000000000000000        0x0 /opt/devkitpro/devkitPPC/lib/gcc/powerpc-eabi/4.5.1/crtbegin.o
 .rela.text.GX_SetNumIndStages
                0x0000000000000000        0x0 /opt/devkitpro/devkitPPC/lib/gcc/powerpc-eabi/4.5.1/crtbegin.o
 .rela.text.GX_SetIndTexCoordScale
                0x0000000000000000        0x0 /opt/devkitpro/devkitPPC/lib/gcc/powerpc-eabi/4.5.1/crtbegin.o
 .rela.text.GX_SetColorUpdate
                0x0000000000000000        0x0 /opt/devkitpro/devkitPPC/lib/gcc/powerpc-eabi/4.5.1/crtbegin.o
 .rela.text.GX_SetAlphaUpdate
                0x0000000000000000        0x0 /opt/devkitpro/devkitPPC/lib/gcc/powerpc-eabi/4.5.1/crtbegin.o
 .rela.text.GX_SetZCompLoc
                0x0000000000000000        0x0 /opt/devkitpro/devkitPPC/lib/gcc/powerpc-eabi/4.5.1/crtbegin.o
 .rela.text.GX_SetPixelFmt
                0x0000000000000000        0x0 /opt/devkitpro/devkitPPC/lib/gcc/powerpc-eabi/4.5.1/crtbegin.o
 .rela.text.GX_SetDither
                0x0000000000000000        0x0 /opt/devkitpro/devkitPPC/lib/gcc/powerpc-eabi/4.5.1/crtbegin.o
 .rela.text.GX_SetDstAlpha
                0x0000000000000000        0x0 /opt/devkitpro/devkitPPC/lib/gcc/powerpc-eabi/4.5.1/crtbegin.o
 .rela.text.GX_SetFieldMode
                0x0000000000000000        0x0 /opt/devkitpro/devkitPPC/lib/gcc/powerpc-eabi/4.5.1/crtbegin.o
 .rela.text.GX_SetIndTexOrder
                0x0000000000000000        0x0 /opt/devkitpro/devkitPPC/lib/gcc/powerpc-eabi/4.5.1/crtbegin.o
 .rela.text.GX_SetGPMetric
                0x0000000000000000        0x0 /opt/devkitpro/devkitPPC/lib/gcc/powerpc-eabi/4.5.1/crtbegin.o
 .rela.text.GX_Init
                0x0000000000000000        0x0 /opt/devkitpro/devkitPPC/lib/gcc/powerpc-eabi/4.5.1/crtbegin.o
 .rela.text.GX_ReadGPMetric
                0x0000000000000000        0x0 /opt/devkitpro/devkitPPC/lib/gcc/powerpc-eabi/4.5.1/crtbegin.o
 .rela.text.c_decrementer_handler
                0x0000000000000000        0x0 /opt/devkitpro/devkitPPC/lib/gcc/powerpc-eabi/4.5.1/crtbegin.o
 .rela.text.__lwp_mqbox_open
                0x0000000000000000        0x0 /opt/devkitpro/devkitPPC/lib/gcc/powerpc-eabi/4.5.1/crtbegin.o
 .rela.text.__lwp_mqbox_free
                0x0000000000000000        0x0 /opt/devkitpro/devkitPPC/lib/gcc/powerpc-eabi/4.5.1/crtbegin.o
 .rela.text.__lwp_mqbox_init
                0x0000000000000000        0x0 /opt/devkitpro/devkitPPC/lib/gcc/powerpc-eabi/4.5.1/crtbegin.o
 .rela.text.MQ_Init
                0x0000000000000000        0x0 /opt/devkitpro/devkitPPC/lib/gcc/powerpc-eabi/4.5.1/crtbegin.o
 .rela.text.__lwp_wkspace_free
                0x0000000000000000        0x0 /opt/devkitpro/devkitPPC/lib/gcc/powerpc-eabi/4.5.1/crtbegin.o
 .rela.text.__ios_ioctlvformat_parse
                0x0000000000000000        0x0 /opt/devkitpro/devkitPPC/lib/gcc/powerpc-eabi/4.5.1/crtbegin.o
 .rela.text.IOS_IoctlvFormat
                0x0000000000000000        0x0 /opt/devkitpro/devkitPPC/lib/gcc/powerpc-eabi/4.5.1/crtbegin.o
 .rela.text.IOS_IoctlvFormatAsync
                0x0000000000000000        0x0 /opt/devkitpro/devkitPPC/lib/gcc/powerpc-eabi/4.5.1/crtbegin.o
 .rela.text.nanosleep
                0x0000000000000000        0x0 /opt/devkitpro/devkitPPC/lib/gcc/powerpc-eabi/4.5.1/crtbegin.o
 .rela.text.__libc_delete_hook
                0x0000000000000000        0x0 /opt/devkitpro/devkitPPC/lib/gcc/powerpc-eabi/4.5.1/crtbegin.o
 .rela.text.__libc_init
                0x0000000000000000        0x0 /opt/devkitpro/devkitPPC/lib/gcc/powerpc-eabi/4.5.1/crtbegin.o
 .rela.text.__libc_wrapup
                0x0000000000000000        0x0 /opt/devkitpro/devkitPPC/lib/gcc/powerpc-eabi/4.5.1/crtbegin.o
 .rela.text.__CheckARGV
                0x0000000000000000        0x0 /opt/devkitpro/devkitPPC/lib/gcc/powerpc-eabi/4.5.1/crtbegin.o
 .rela.text.__lwp_priority_init
                0x0000000000000000        0x0 /opt/devkitpro/devkitPPC/lib/gcc/powerpc-eabi/4.5.1/crtbegin.o
 .rela.text.__lwp_wd_remove_ticks
                0x0000000000000000        0x0 /opt/devkitpro/devkitPPC/lib/gcc/powerpc-eabi/4.5.1/crtbegin.o
 .rela.text.__lwp_threadqueue_enqueue
                0x0000000000000000        0x0 /opt/devkitpro/devkitPPC/lib/gcc/powerpc-eabi/4.5.1/crtbegin.o
 .rela.text.__lwpmq_initialize
                0x0000000000000000        0x0 /opt/devkitpro/devkitPPC/lib/gcc/powerpc-eabi/4.5.1/crtbegin.o
 .rela.text.__lwpmq_close
                0x0000000000000000        0x0 /opt/devkitpro/devkitPPC/lib/gcc/powerpc-eabi/4.5.1/crtbegin.o
 .rela.text.__systemcall_init
                0x0000000000000000        0x0 /opt/devkitpro/devkitPPC/lib/gcc/powerpc-eabi/4.5.1/crtbegin.o
 .rela.text.__exception_init
                0x0000000000000000        0x0 /opt/devkitpro/devkitPPC/lib/gcc/powerpc-eabi/4.5.1/crtbegin.o
 .rela.text.__exception_close
                0x0000000000000000        0x0 /opt/devkitpro/devkitPPC/lib/gcc/powerpc-eabi/4.5.1/crtbegin.o
 .rela.text.__exception_sethandler
                0x0000000000000000        0x0 /opt/devkitpro/devkitPPC/lib/gcc/powerpc-eabi/4.5.1/crtbegin.o
 .rela.text.__lwp_sema_open
                0x0000000000000000        0x0 /opt/devkitpro/devkitPPC/lib/gcc/powerpc-eabi/4.5.1/crtbegin.o
 .rela.text.__lwp_sema_init
                0x0000000000000000        0x0 /opt/devkitpro/devkitPPC/lib/gcc/powerpc-eabi/4.5.1/crtbegin.o
 .rela.text.LWP_SemInit
                0x0000000000000000        0x0 /opt/devkitpro/devkitPPC/lib/gcc/powerpc-eabi/4.5.1/crtbegin.o
 .rela.text.LWP_SemDestroy
                0x0000000000000000        0x0 /opt/devkitpro/devkitPPC/lib/gcc/powerpc-eabi/4.5.1/crtbegin.o
 .rela.text.__lwp_mutex_open
                0x0000000000000000        0x0 /opt/devkitpro/devkitPPC/lib/gcc/powerpc-eabi/4.5.1/crtbegin.o
 .rela.text.__lwp_mutex_locksupp.clone.6
                0x0000000000000000        0x0 /opt/devkitpro/devkitPPC/lib/gcc/powerpc-eabi/4.5.1/crtbegin.o
 .rela.text.__lwp_mutex_init
                0x0000000000000000        0x0 /opt/devkitpro/devkitPPC/lib/gcc/powerpc-eabi/4.5.1/crtbegin.o
 .rela.text.LWP_MutexInit
                0x0000000000000000        0x0 /opt/devkitpro/devkitPPC/lib/gcc/powerpc-eabi/4.5.1/crtbegin.o
 .rela.text.LWP_MutexDestroy
                0x0000000000000000        0x0 /opt/devkitpro/devkitPPC/lib/gcc/powerpc-eabi/4.5.1/crtbegin.o
 .rela.text.kprintf
                0x0000000000000000        0x0 /opt/devkitpro/devkitPPC/lib/gcc/powerpc-eabi/4.5.1/crtbegin.o
 .rela.text.__gxx_personality_v0
                0x0000000000000000        0x0 /opt/devkitpro/devkitPPC/lib/gcc/powerpc-eabi/4.5.1/crtbegin.o
 .rela.text.__cxa_call_unexpected
                0x0000000000000000        0x0 /opt/devkitpro/devkitPPC/lib/gcc/powerpc-eabi/4.5.1/crtbegin.o
 .rela.text._ZN9__gnu_cxx20recursive_init_errorD2Ev
                0x0000000000000000        0x0 /opt/devkitpro/devkitPPC/lib/gcc/powerpc-eabi/4.5.1/crtbegin.o
 .rela.text._ZN9__gnu_cxx20recursive_init_errorD0Ev
                0x0000000000000000        0x0 /opt/devkitpro/devkitPPC/lib/gcc/powerpc-eabi/4.5.1/crtbegin.o
 .rela.text.__cxa_guard_acquire
                0x0000000000000000        0x0 /opt/devkitpro/devkitPPC/lib/gcc/powerpc-eabi/4.5.1/crtbegin.o
 .rela.text._ZSt9terminatev
                0x0000000000000000        0x0 /opt/devkitpro/devkitPPC/lib/gcc/powerpc-eabi/4.5.1/crtbegin.o
 .rela.text._ZSt10unexpectedv
                0x0000000000000000        0x0 /opt/devkitpro/devkitPPC/lib/gcc/powerpc-eabi/4.5.1/crtbegin.o
 .rela.text._ZSt13set_terminatePFvvE
                0x0000000000000000        0x0 /opt/devkitpro/devkitPPC/lib/gcc/powerpc-eabi/4.5.1/crtbegin.o
 .rela.text._ZSt14set_unexpectedPFvvE
                0x0000000000000000        0x0 /opt/devkitpro/devkitPPC/lib/gcc/powerpc-eabi/4.5.1/crtbegin.o
 .rela.text._ZN9__gnu_cxx27__verbose_terminate_handlerEv
                0x0000000000000000        0x0 /opt/devkitpro/devkitPPC/lib/gcc/powerpc-eabi/4.5.1/crtbegin.o
 .rela.text._ZN10__cxxabiv120__si_class_type_infoD2Ev
                0x0000000000000000        0x0 /opt/devkitpro/devkitPPC/lib/gcc/powerpc-eabi/4.5.1/crtbegin.o
 .rela.text._ZN10__cxxabiv120__si_class_type_infoD0Ev
                0x0000000000000000        0x0 /opt/devkitpro/devkitPPC/lib/gcc/powerpc-eabi/4.5.1/crtbegin.o
 .rela.text.__cxa_throw
                0x0000000000000000        0x0 /opt/devkitpro/devkitPPC/lib/gcc/powerpc-eabi/4.5.1/crtbegin.o
 .rela.text._ZN10__cxxabiv117__class_type_infoD2Ev
                0x0000000000000000        0x0 /opt/devkitpro/devkitPPC/lib/gcc/powerpc-eabi/4.5.1/crtbegin.o
 .rela.text._ZN10__cxxabiv117__class_type_infoD0Ev
                0x0000000000000000        0x0 /opt/devkitpro/devkitPPC/lib/gcc/powerpc-eabi/4.5.1/crtbegin.o
 .rela.text._ZNSt9exceptionD2Ev
                0x0000000000000000        0x0 /opt/devkitpro/devkitPPC/lib/gcc/powerpc-eabi/4.5.1/crtbegin.o
 .rela.text._ZNSt13bad_exceptionD2Ev
                0x0000000000000000        0x0 /opt/devkitpro/devkitPPC/lib/gcc/powerpc-eabi/4.5.1/crtbegin.o
 .rela.text._ZN10__cxxabiv115__forced_unwindD2Ev
                0x0000000000000000        0x0 /opt/devkitpro/devkitPPC/lib/gcc/powerpc-eabi/4.5.1/crtbegin.o
 .rela.text._ZN10__cxxabiv119__foreign_exceptionD2Ev
                0x0000000000000000        0x0 /opt/devkitpro/devkitPPC/lib/gcc/powerpc-eabi/4.5.1/crtbegin.o
 .rela.text._ZN10__cxxabiv119__foreign_exceptionD0Ev
                0x0000000000000000        0x0 /opt/devkitpro/devkitPPC/lib/gcc/powerpc-eabi/4.5.1/crtbegin.o
 .rela.text._ZN10__cxxabiv115__forced_unwindD0Ev
                0x0000000000000000        0x0 /opt/devkitpro/devkitPPC/lib/gcc/powerpc-eabi/4.5.1/crtbegin.o
 .rela.text._ZNSt13bad_exceptionD0Ev
                0x0000000000000000        0x0 /opt/devkitpro/devkitPPC/lib/gcc/powerpc-eabi/4.5.1/crtbegin.o
 .rela.text._ZNSt9exceptionD0Ev
                0x0000000000000000        0x0 /opt/devkitpro/devkitPPC/lib/gcc/powerpc-eabi/4.5.1/crtbegin.o
 .rela.text._Znwj
                0x0000000000000000        0x0 /opt/devkitpro/devkitPPC/lib/gcc/powerpc-eabi/4.5.1/crtbegin.o
 .rela.text._ZNSt9bad_allocD2Ev
                0x0000000000000000        0x0 /opt/devkitpro/devkitPPC/lib/gcc/powerpc-eabi/4.5.1/crtbegin.o
 .rela.text._ZNSt9bad_allocD0Ev
                0x0000000000000000        0x0 /opt/devkitpro/devkitPPC/lib/gcc/powerpc-eabi/4.5.1/crtbegin.o
 .rela.text._ZNSt9type_infoD2Ev
                0x0000000000000000        0x0 /opt/devkitpro/devkitPPC/lib/gcc/powerpc-eabi/4.5.1/crtbegin.o
 .rela.text._ZNSt9type_infoD0Ev
                0x0000000000000000        0x0 /opt/devkitpro/devkitPPC/lib/gcc/powerpc-eabi/4.5.1/crtbegin.o
 .rela.text.atangent
                0x0000000000000000        0x0 /opt/devkitpro/devkitPPC/lib/gcc/powerpc-eabi/4.5.1/crtbegin.o
 .rela.text.atangentf
                0x0000000000000000        0x0 /opt/devkitpro/devkitPPC/lib/gcc/powerpc-eabi/4.5.1/crtbegin.o
 .rela.text.sinef
                0x0000000000000000        0x0 /opt/devkitpro/devkitPPC/lib/gcc/powerpc-eabi/4.5.1/crtbegin.o
 .rela.text.sqrtf
                0x0000000000000000        0x0 /opt/devkitpro/devkitPPC/lib/gcc/powerpc-eabi/4.5.1/crtbegin.o
 .rela.text.tanf
                0x0000000000000000        0x0 /opt/devkitpro/devkitPPC/lib/gcc/powerpc-eabi/4.5.1/crtbegin.o
 .rela.text.calloc
                0x0000000000000000        0x0 /opt/devkitpro/devkitPPC/lib/gcc/powerpc-eabi/4.5.1/crtbegin.o
 .rela.text.__errno
                0x0000000000000000        0x0 /opt/devkitpro/devkitPPC/lib/gcc/powerpc-eabi/4.5.1/crtbegin.o
 .rela.text.exit
                0x0000000000000000        0x0 /opt/devkitpro/devkitPPC/lib/gcc/powerpc-eabi/4.5.1/crtbegin.o
 .rela.text.fclose
                0x0000000000000000        0x0 /opt/devkitpro/devkitPPC/lib/gcc/powerpc-eabi/4.5.1/crtbegin.o
 .rela.text.fflush
                0x0000000000000000        0x0 /opt/devkitpro/devkitPPC/lib/gcc/powerpc-eabi/4.5.1/crtbegin.o
 .rela.text._cleanup
                0x0000000000000000        0x0 /opt/devkitpro/devkitPPC/lib/gcc/powerpc-eabi/4.5.1/crtbegin.o
 .rela.text.__sinit
                0x0000000000000000        0x0 /opt/devkitpro/devkitPPC/lib/gcc/powerpc-eabi/4.5.1/crtbegin.o
 .rela.text.__sfp
                0x0000000000000000        0x0 /opt/devkitpro/devkitPPC/lib/gcc/powerpc-eabi/4.5.1/crtbegin.o
 .rela.text.__fp_lock_all
                0x0000000000000000        0x0 /opt/devkitpro/devkitPPC/lib/gcc/powerpc-eabi/4.5.1/crtbegin.o
 .rela.text.__fp_unlock_all
                0x0000000000000000        0x0 /opt/devkitpro/devkitPPC/lib/gcc/powerpc-eabi/4.5.1/crtbegin.o
 .rela.text._fopen_r
                0x0000000000000000        0x0 /opt/devkitpro/devkitPPC/lib/gcc/powerpc-eabi/4.5.1/crtbegin.o
 .rela.text.fopen
                0x0000000000000000        0x0 /opt/devkitpro/devkitPPC/lib/gcc/powerpc-eabi/4.5.1/crtbegin.o
 .rela.text.fprintf
                0x0000000000000000        0x0 /opt/devkitpro/devkitPPC/lib/gcc/powerpc-eabi/4.5.1/crtbegin.o
 .rela.text.fputc
                0x0000000000000000        0x0 /opt/devkitpro/devkitPPC/lib/gcc/powerpc-eabi/4.5.1/crtbegin.o
 .rela.text.fputs
                0x0000000000000000        0x0 /opt/devkitpro/devkitPPC/lib/gcc/powerpc-eabi/4.5.1/crtbegin.o
 .rela.text.fread
                0x0000000000000000        0x0 /opt/devkitpro/devkitPPC/lib/gcc/powerpc-eabi/4.5.1/crtbegin.o
 .rela.text._malloc_trim_r
                0x0000000000000000        0x0 /opt/devkitpro/devkitPPC/lib/gcc/powerpc-eabi/4.5.1/crtbegin.o
 .rela.text._free_r
                0x0000000000000000        0x0 /opt/devkitpro/devkitPPC/lib/gcc/powerpc-eabi/4.5.1/crtbegin.o
 .rela.text._fseek_r
                0x0000000000000000        0x0 /opt/devkitpro/devkitPPC/lib/gcc/powerpc-eabi/4.5.1/crtbegin.o
 .rela.text.fseek
                0x0000000000000000        0x0 /opt/devkitpro/devkitPPC/lib/gcc/powerpc-eabi/4.5.1/crtbegin.o
 .rela.text.fwrite
                0x0000000000000000        0x0 /opt/devkitpro/devkitPPC/lib/gcc/powerpc-eabi/4.5.1/crtbegin.o
 .rela.text.__smakebuf_r
                0x0000000000000000        0x0 /opt/devkitpro/devkitPPC/lib/gcc/powerpc-eabi/4.5.1/crtbegin.o
 .rela.text._svfprintf_r
                0x0000000000000000        0x0 /opt/devkitpro/devkitPPC/lib/gcc/powerpc-eabi/4.5.1/crtbegin.o
 .rela.text._vfprintf_r
                0x0000000000000000        0x0 /opt/devkitpro/devkitPPC/lib/gcc/powerpc-eabi/4.5.1/crtbegin.o
 .rela.text._wcrtomb_r
                0x0000000000000000        0x0 /opt/devkitpro/devkitPPC/lib/gcc/powerpc-eabi/4.5.1/crtbegin.o
 .rela.text.wcrtomb
                0x0000000000000000        0x0 /opt/devkitpro/devkitPPC/lib/gcc/powerpc-eabi/4.5.1/crtbegin.o
 .rela.text._dtoa_r
                0x0000000000000000        0x0 /opt/devkitpro/devkitPPC/lib/gcc/powerpc-eabi/4.5.1/crtbegin.o
 .rela.text.loadlocale
                0x0000000000000000        0x0 /opt/devkitpro/devkitPPC/lib/gcc/powerpc-eabi/4.5.1/crtbegin.o
 .rela.text._findenv_r
                0x0000000000000000        0x0 /opt/devkitpro/devkitPPC/lib/gcc/powerpc-eabi/4.5.1/crtbegin.o

.rel.fini
 *(.rel.fini)

.rela.fini
 *(.rela.fini)

.rel.rodata
 *(.rel.rodata .rel.rodata.* .rel.gnu.linkonce.r.*)

.rela.rodata    0x0000000080004194        0x0
 *(.rela.rodata .rela.rodata.* .rela.gnu.linkonce.r.*)
 .rela.rodata._ZTV15GameApplication
                0x0000000000000000        0x0 /opt/devkitpro/devkitPPC/lib/gcc/powerpc-eabi/4.5.1/crtbegin.o
 .rela.rodata._ZTI15GameApplication
                0x0000000000000000        0x0 /opt/devkitpro/devkitPPC/lib/gcc/powerpc-eabi/4.5.1/crtbegin.o
 .rela.rodata._ZTV4Line
                0x0000000000000000        0x0 /opt/devkitpro/devkitPPC/lib/gcc/powerpc-eabi/4.5.1/crtbegin.o
 .rela.rodata._ZTV5PointIiE
                0x0000000000000000        0x0 /opt/devkitpro/devkitPPC/lib/gcc/powerpc-eabi/4.5.1/crtbegin.o
 .rela.rodata._ZTV4Game
                0x0000000000000000        0x0 /opt/devkitpro/devkitPPC/lib/gcc/powerpc-eabi/4.5.1/crtbegin.o
 .rela.rodata._ZTV7Segment
                0x0000000000000000        0x0 /opt/devkitpro/devkitPPC/lib/gcc/powerpc-eabi/4.5.1/crtbegin.o
 .rela.rodata._ZTVN4Wire11ApplicationE
                0x0000000000000000        0x0 /opt/devkitpro/devkitPPC/lib/gcc/powerpc-eabi/4.5.1/crtbegin.o
 .rela.rodata._ZTVN4Wire13GXApplicationE
                0x0000000000000000        0x0 /opt/devkitpro/devkitPPC/lib/gcc/powerpc-eabi/4.5.1/crtbegin.o
 .rela.rodata._ZTIN4Wire13GXApplicationE
                0x0000000000000000        0x0 /opt/devkitpro/devkitPPC/lib/gcc/powerpc-eabi/4.5.1/crtbegin.o
 .rela.rodata._ZTVN4Wire13StateMaterialE
                0x0000000000000000        0x0 /opt/devkitpro/devkitPPC/lib/gcc/powerpc-eabi/4.5.1/crtbegin.o
 .rela.rodata._ZTIN4Wire13StateMaterialE
                0x0000000000000000        0x0 /opt/devkitpro/devkitPPC/lib/gcc/powerpc-eabi/4.5.1/crtbegin.o
 .rela.rodata._ZTVN4Wire9StateCullE
                0x0000000000000000        0x0 /opt/devkitpro/devkitPPC/lib/gcc/powerpc-eabi/4.5.1/crtbegin.o
 .rela.rodata._ZTIN4Wire9StateCullE
                0x0000000000000000        0x0 /opt/devkitpro/devkitPPC/lib/gcc/powerpc-eabi/4.5.1/crtbegin.o
 .rela.rodata._ZTVN4Wire6ObjectE
                0x0000000000000000        0x0 /opt/devkitpro/devkitPPC/lib/gcc/powerpc-eabi/4.5.1/crtbegin.o
 .rela.rodata._ZTVN4Wire5StateE
                0x0000000000000000        0x0 /opt/devkitpro/devkitPPC/lib/gcc/powerpc-eabi/4.5.1/crtbegin.o
 .rela.rodata._ZTIN4Wire5StateE
                0x0000000000000000        0x0 /opt/devkitpro/devkitPPC/lib/gcc/powerpc-eabi/4.5.1/crtbegin.o
 .rela.rodata._ZTVN4Wire6CameraE
                0x0000000000000000        0x0 /opt/devkitpro/devkitPPC/lib/gcc/powerpc-eabi/4.5.1/crtbegin.o
 .rela.rodata._ZTIN4Wire6CameraE
                0x0000000000000000        0x0 /opt/devkitpro/devkitPPC/lib/gcc/powerpc-eabi/4.5.1/crtbegin.o
 .rela.rodata._ZTVN4Wire8GeometryE
                0x0000000000000000        0x0 /opt/devkitpro/devkitPPC/lib/gcc/powerpc-eabi/4.5.1/crtbegin.o
 .rela.rodata._ZTIN4Wire8GeometryE
                0x0000000000000000        0x0 /opt/devkitpro/devkitPPC/lib/gcc/powerpc-eabi/4.5.1/crtbegin.o
 .rela.rodata._ZTVN4Wire7SpatialE
                0x0000000000000000        0x0 /opt/devkitpro/devkitPPC/lib/gcc/powerpc-eabi/4.5.1/crtbegin.o
 .rela.rodata._ZTIN4Wire7SpatialE
                0x0000000000000000        0x0 /opt/devkitpro/devkitPPC/lib/gcc/powerpc-eabi/4.5.1/crtbegin.o
 .rela.rodata._ZTVN4Wire10StateAlphaE
                0x0000000000000000        0x0 /opt/devkitpro/devkitPPC/lib/gcc/powerpc-eabi/4.5.1/crtbegin.o
 .rela.rodata._ZTIN4Wire10StateAlphaE
                0x0000000000000000        0x0 /opt/devkitpro/devkitPPC/lib/gcc/powerpc-eabi/4.5.1/crtbegin.o
 .rela.rodata._ZTVN4Wire7Image2DE
                0x0000000000000000        0x0 /opt/devkitpro/devkitPPC/lib/gcc/powerpc-eabi/4.5.1/crtbegin.o
 .rela.rodata._ZTIN4Wire7Image2DE
                0x0000000000000000        0x0 /opt/devkitpro/devkitPPC/lib/gcc/powerpc-eabi/4.5.1/crtbegin.o
 .rela.rodata._ZTVN4Wire16VertexAttributesE
                0x0000000000000000        0x0 /opt/devkitpro/devkitPPC/lib/gcc/powerpc-eabi/4.5.1/crtbegin.o
 .rela.rodata._ZTVN4Wire8StateFogE
                0x0000000000000000        0x0 /opt/devkitpro/devkitPPC/lib/gcc/powerpc-eabi/4.5.1/crtbegin.o
 .rela.rodata._ZTIN4Wire8StateFogE
                0x0000000000000000        0x0 /opt/devkitpro/devkitPPC/lib/gcc/powerpc-eabi/4.5.1/crtbegin.o
 .rela.rodata._ZTVN4Wire12StateZBufferE
                0x0000000000000000        0x0 /opt/devkitpro/devkitPPC/lib/gcc/powerpc-eabi/4.5.1/crtbegin.o
 .rela.rodata._ZTIN4Wire12StateZBufferE
                0x0000000000000000        0x0 /opt/devkitpro/devkitPPC/lib/gcc/powerpc-eabi/4.5.1/crtbegin.o
 .rela.rodata._ZTVN4Wire6CullerE
                0x0000000000000000        0x0 /opt/devkitpro/devkitPPC/lib/gcc/powerpc-eabi/4.5.1/crtbegin.o
 .rela.rodata._ZTVN4Wire8MaterialE
                0x0000000000000000        0x0 /opt/devkitpro/devkitPPC/lib/gcc/powerpc-eabi/4.5.1/crtbegin.o
 .rela.rodata._ZTIN4Wire8MaterialE
                0x0000000000000000        0x0 /opt/devkitpro/devkitPPC/lib/gcc/powerpc-eabi/4.5.1/crtbegin.o
 .rela.rodata._ZTVN4Wire11SceneObjectE
                0x0000000000000000        0x0 /opt/devkitpro/devkitPPC/lib/gcc/powerpc-eabi/4.5.1/crtbegin.o
 .rela.rodata._ZTIN4Wire11SceneObjectE
                0x0000000000000000        0x0 /opt/devkitpro/devkitPPC/lib/gcc/powerpc-eabi/4.5.1/crtbegin.o
 .rela.rodata._ZTVN4Wire14StateWireframeE
                0x0000000000000000        0x0 /opt/devkitpro/devkitPPC/lib/gcc/powerpc-eabi/4.5.1/crtbegin.o
 .rela.rodata._ZTIN4Wire14StateWireframeE
                0x0000000000000000        0x0 /opt/devkitpro/devkitPPC/lib/gcc/powerpc-eabi/4.5.1/crtbegin.o
 .rela.rodata._ZTVN4Wire4NodeE
                0x0000000000000000        0x0 /opt/devkitpro/devkitPPC/lib/gcc/powerpc-eabi/4.5.1/crtbegin.o
 .rela.rodata._ZTIN4Wire4NodeE
                0x0000000000000000        0x0 /opt/devkitpro/devkitPPC/lib/gcc/powerpc-eabi/4.5.1/crtbegin.o
 .rela.rodata._ZTVN4Wire14PdrDisplayListE
                0x0000000000000000        0x0 /opt/devkitpro/devkitPPC/lib/gcc/powerpc-eabi/4.5.1/crtbegin.o
 .rela.rodata._ZTIN4Wire14PdrDisplayListE
                0x0000000000000000        0x0 /opt/devkitpro/devkitPPC/lib/gcc/powerpc-eabi/4.5.1/crtbegin.o
 .rela.rodata._ZTVN4Wire12VertexBufferE
                0x0000000000000000        0x0 /opt/devkitpro/devkitPPC/lib/gcc/powerpc-eabi/4.5.1/crtbegin.o
 .rela.rodata._ZTIN4Wire12VertexBufferE
                0x0000000000000000        0x0 /opt/devkitpro/devkitPPC/lib/gcc/powerpc-eabi/4.5.1/crtbegin.o
 .rela.rodata._ZTVN4Wire8SphereBVE
                0x0000000000000000        0x0 /opt/devkitpro/devkitPPC/lib/gcc/powerpc-eabi/4.5.1/crtbegin.o
 .rela.rodata._ZTIN4Wire8SphereBVE
                0x0000000000000000        0x0 /opt/devkitpro/devkitPPC/lib/gcc/powerpc-eabi/4.5.1/crtbegin.o
 .rela.rodata._ZTVN4Wire11IndexBufferE
                0x0000000000000000        0x0 /opt/devkitpro/devkitPPC/lib/gcc/powerpc-eabi/4.5.1/crtbegin.o
 .rela.rodata._ZTIN4Wire11IndexBufferE
                0x0000000000000000        0x0 /opt/devkitpro/devkitPPC/lib/gcc/powerpc-eabi/4.5.1/crtbegin.o
 .rela.rodata._ZTVN4Wire9Texture2DE
                0x0000000000000000        0x0 /opt/devkitpro/devkitPPC/lib/gcc/powerpc-eabi/4.5.1/crtbegin.o
 .rela.rodata._ZTIN4Wire9Texture2DE
                0x0000000000000000        0x0 /opt/devkitpro/devkitPPC/lib/gcc/powerpc-eabi/4.5.1/crtbegin.o
 .rela.rodata._ZTVN4Wire14BoundingVolumeE
                0x0000000000000000        0x0 /opt/devkitpro/devkitPPC/lib/gcc/powerpc-eabi/4.5.1/crtbegin.o
 .rela.rodata._ZTIN4Wire14BoundingVolumeE
                0x0000000000000000        0x0 /opt/devkitpro/devkitPPC/lib/gcc/powerpc-eabi/4.5.1/crtbegin.o
 .rela.rodata._ZTVN4Wire6BufferE
                0x0000000000000000        0x0 /opt/devkitpro/devkitPPC/lib/gcc/powerpc-eabi/4.5.1/crtbegin.o
 .rela.rodata._ZTIN4Wire6BufferE
                0x0000000000000000        0x0 /opt/devkitpro/devkitPPC/lib/gcc/powerpc-eabi/4.5.1/crtbegin.o
 .rela.rodata._ZTVN4Wire10VisibleSetE
                0x0000000000000000        0x0 /opt/devkitpro/devkitPPC/lib/gcc/powerpc-eabi/4.5.1/crtbegin.o
 .rela.rodata._ZTVN9__gnu_cxx20recursive_init_errorE
                0x0000000000000000        0x0 /opt/devkitpro/devkitPPC/lib/gcc/powerpc-eabi/4.5.1/crtbegin.o
 .rela.rodata._ZTIN9__gnu_cxx20recursive_init_errorE
                0x0000000000000000        0x0 /opt/devkitpro/devkitPPC/lib/gcc/powerpc-eabi/4.5.1/crtbegin.o
 .rela.rodata._ZTVN10__cxxabiv120__si_class_type_infoE
                0x0000000000000000        0x0 /opt/devkitpro/devkitPPC/lib/gcc/powerpc-eabi/4.5.1/crtbegin.o
 .rela.rodata._ZTIN10__cxxabiv120__si_class_type_infoE
                0x0000000000000000        0x0 /opt/devkitpro/devkitPPC/lib/gcc/powerpc-eabi/4.5.1/crtbegin.o
 .rela.rodata._ZTVN10__cxxabiv117__class_type_infoE
                0x0000000000000000        0x0 /opt/devkitpro/devkitPPC/lib/gcc/powerpc-eabi/4.5.1/crtbegin.o
 .rela.rodata._ZTIN10__cxxabiv117__class_type_infoE
                0x0000000000000000        0x0 /opt/devkitpro/devkitPPC/lib/gcc/powerpc-eabi/4.5.1/crtbegin.o
 .rela.rodata._ZTVN10__cxxabiv119__foreign_exceptionE
                0x0000000000000000        0x0 /opt/devkitpro/devkitPPC/lib/gcc/powerpc-eabi/4.5.1/crtbegin.o
 .rela.rodata._ZTVN10__cxxabiv115__forced_unwindE
                0x0000000000000000        0x0 /opt/devkitpro/devkitPPC/lib/gcc/powerpc-eabi/4.5.1/crtbegin.o
 .rela.rodata._ZTVSt13bad_exception
                0x0000000000000000        0x0 /opt/devkitpro/devkitPPC/lib/gcc/powerpc-eabi/4.5.1/crtbegin.o
 .rela.rodata._ZTVSt9exception
                0x0000000000000000        0x0 /opt/devkitpro/devkitPPC/lib/gcc/powerpc-eabi/4.5.1/crtbegin.o
 .rela.rodata._ZTISt13bad_exception
                0x0000000000000000        0x0 /opt/devkitpro/devkitPPC/lib/gcc/powerpc-eabi/4.5.1/crtbegin.o
 .rela.rodata._ZTVSt9bad_alloc
                0x0000000000000000        0x0 /opt/devkitpro/devkitPPC/lib/gcc/powerpc-eabi/4.5.1/crtbegin.o
 .rela.rodata._ZTISt9bad_alloc
                0x0000000000000000        0x0 /opt/devkitpro/devkitPPC/lib/gcc/powerpc-eabi/4.5.1/crtbegin.o
 .rela.rodata._ZTVSt9type_info
                0x0000000000000000        0x0 /opt/devkitpro/devkitPPC/lib/gcc/powerpc-eabi/4.5.1/crtbegin.o

.rel.data
 *(.rel.data .rel.data.* .rel.gnu.linkonce.d.*)

.rela.data
 *(.rela.data .rela.data.* .rela.gnu.linkonce.d.*)

.rel.tdata
 *(.rel.tdata .rel.tdata.* .rel.gnu.linkonce.td.*)

.rela.tdata
 *(.rela.tdata .rela.tdata.* .rela.gnu.linkonce.td.*)

.rel.tbss
 *(.rel.tbss .rel.tbss.* .rel.gnu.linkonce.tb.*)

.rela.tbss
 *(.rela.tbss .rela.tbss.* .rela.gnu.linkonce.tb.*)

.rel.ctors
 *(.rel.ctors)

.rela.ctors
 *(.rela.ctors)

.rel.dtors
 *(.rel.dtors)

.rela.dtors
 *(.rela.dtors)

.rel.got
 *(.rel.got)

.rela.got
 *(.rela.got)

.rela.got1
 *(.rela.got1)

.rela.got2      0x0000000080004194        0x0
 *(.rela.got2)
 .rela.got2     0x0000000000000000        0x0 /opt/devkitpro/devkitPPC/lib/gcc/powerpc-eabi/4.5.1/crtbegin.o

.rel.sdata
 *(.rel.sdata .rel.sdata.* .rel.gnu.linkonce.s.*)

.rela.sdata     0x0000000080004194        0x0
 *(.rela.sdata .rela.sdata.* .rela.gnu.linkonce.s.*)
 .rela.sdata._ZTI4Line
                0x0000000000000000        0x0 /opt/devkitpro/devkitPPC/lib/gcc/powerpc-eabi/4.5.1/crtbegin.o
 .rela.sdata._ZTI5PointIiE
                0x0000000000000000        0x0 /opt/devkitpro/devkitPPC/lib/gcc/powerpc-eabi/4.5.1/crtbegin.o
 .rela.sdata._ZTI4Game
                0x0000000000000000        0x0 /opt/devkitpro/devkitPPC/lib/gcc/powerpc-eabi/4.5.1/crtbegin.o
 .rela.sdata._ZTI7Segment
                0x0000000000000000        0x0 /opt/devkitpro/devkitPPC/lib/gcc/powerpc-eabi/4.5.1/crtbegin.o
 .rela.sdata._ZTIN4Wire11ApplicationE
                0x0000000000000000        0x0 /opt/devkitpro/devkitPPC/lib/gcc/powerpc-eabi/4.5.1/crtbegin.o
 .rela.sdata._ZTIN4Wire6ObjectE
                0x0000000000000000        0x0 /opt/devkitpro/devkitPPC/lib/gcc/powerpc-eabi/4.5.1/crtbegin.o
 .rela.sdata._ZTIN4Wire16VertexAttributesE
                0x0000000000000000        0x0 /opt/devkitpro/devkitPPC/lib/gcc/powerpc-eabi/4.5.1/crtbegin.o
 .rela.sdata._ZTIN4Wire6CullerE
                0x0000000000000000        0x0 /opt/devkitpro/devkitPPC/lib/gcc/powerpc-eabi/4.5.1/crtbegin.o
 .rela.sdata._ZTIN4Wire10VisibleSetE
                0x0000000000000000        0x0 /opt/devkitpro/devkitPPC/lib/gcc/powerpc-eabi/4.5.1/crtbegin.o
 .rela.sdata._ZN10__cxxabiv119__terminate_handlerE
                0x0000000000000000        0x0 /opt/devkitpro/devkitPPC/lib/gcc/powerpc-eabi/4.5.1/crtbegin.o
 .rela.sdata._ZTIN10__cxxabiv119__foreign_exceptionE
                0x0000000000000000        0x0 /opt/devkitpro/devkitPPC/lib/gcc/powerpc-eabi/4.5.1/crtbegin.o
 .rela.sdata._ZTIN10__cxxabiv115__forced_unwindE
                0x0000000000000000        0x0 /opt/devkitpro/devkitPPC/lib/gcc/powerpc-eabi/4.5.1/crtbegin.o
 .rela.sdata._ZTISt9exception
                0x0000000000000000        0x0 /opt/devkitpro/devkitPPC/lib/gcc/powerpc-eabi/4.5.1/crtbegin.o
 .rela.sdata._ZTISt9type_info
                0x0000000000000000        0x0 /opt/devkitpro/devkitPPC/lib/gcc/powerpc-eabi/4.5.1/crtbegin.o

.rel.sbss
 *(.rel.sbss .rel.sbss.* .rel.gnu.linkonce.sb.*)

.rela.sbss
 *(.rela.sbss .rela.sbss.* .rel.gnu.linkonce.sb.*)

.rel.sdata2
 *(.rel.sdata2 .rel.sdata2.* .rel.gnu.linkonce.s2.*)

.rela.sdata2
 *(.rela.sdata2 .rela.sdata2.* .rela.gnu.linkonce.s2.*)

.rel.sbss2
 *(.rel.sbss2 .rel.sbss2.* .rel.gnu.linkonce.sb2.*)

.rela.sbss2
 *(.rela.sbss2 .rela.sbss2.* .rela.gnu.linkonce.sb2.*)

.rel.bss
 *(.rel.bss .rel.bss.* .rel.gnu.linkonce.b.*)

.rela.bss
 *(.rela.bss .rela.bss.* .rela.gnu.linkonce.b.*)

.rel.plt
 *(.rel.plt)

.rela.plt
 *(.rela.plt)

.text           0x00000000800041a0    0x5a960
 *(.text)
 .text          0x00000000800041a0      0x168 /opt/devkitpro/devkitPPC/lib/gcc/powerpc-eabi/4.5.1/crtbegin.o
 .text          0x0000000080004308       0x44 /opt/devkitpro/devkitPPC/lib/gcc/powerpc-eabi/4.5.1/../../../../powerpc-eabi/lib/crtmain.o
                0x000000008000430c                __crtmain
 .text          0x000000008000434c      0x430 GameApplication.o
                0x000000008000434c                _ZN15GameApplication11OnTerminateEv
                0x0000000080004350                _ZN15GameApplication6OnIdleEv
                0x000000008000444c                _ZN15GameApplication11OnPrecreateEv
                0x000000008000446c                _ZN15GameApplication10InitializeEv
                0x00000000800044fc                _ZN15GameApplication18RegisterInitializeEv
                0x0000000080004548                main
                0x00000000800045d4                _ZN15GameApplication12OnInitializeEv
 .text          0x000000008000477c      0x130 /home/pete/code/wire3d/Wire/lib/libWire.a(WireColorRGBA.o)
                0x000000008000477c                _ZN4Wire9ColorRGBAC1Ev
                0x000000008000477c                _ZN4Wire9ColorRGBAC2Ev
                0x0000000080004794                _ZN4Wire9ColorRGBAC1Effff
                0x0000000080004794                _ZN4Wire9ColorRGBAC2Effff
                0x00000000800047a8                _ZNK4Wire9ColorRGBAmlEf
                0x00000000800047dc                _ZN4Wire9ColorRGBAmLEf
                0x0000000080004810                _ZmlfRKN4Wire9ColorRGBAE
 .text          0x00000000800048ac       0xa8 /home/pete/code/wire3d/Wire/lib/libWire.a(WireNoisePerlin.o)
                0x00000000800048ac                _ZN4Wire15NoisePerlinBase10InitializeEv
                0x00000000800048e0                _ZN4Wire15NoisePerlinBase18RegisterInitializeEv
 .text          0x0000000080004954      0x380 /home/pete/code/wire3d/Wire/lib/libWire.a(WireMain.o)
                0x0000000080004954                _ZN4Wire4Main10InitializeEv
                0x0000000080004a0c                _ZN4Wire4Main9TerminateEv
                0x0000000080004ac4                _ZN4Wire4Main13AddTerminatorEPFvvE
                0x0000000080004bcc                _ZN4Wire4Main14AddInitializerEPFvvE
 .text          0x0000000080004cd4      0x1a8 /home/pete/code/wire3d/Wire/lib/libWire.a(WireApplication.o)
                0x0000000080004cd4                _ZN4Wire11ApplicationD2Ev
                0x0000000080004cd4                _ZN4Wire11ApplicationD1Ev
                0x0000000080004ce4                _ZN4Wire11Application8OnResizeEjj
                0x0000000080004d3c                _ZN4Wire11ApplicationD0Ev
                0x0000000080004d68                _ZN4Wire11ApplicationC2ERKNS_9ColorRGBAEPKciijjb
                0x0000000080004d68                _ZN4Wire11ApplicationC1ERKNS_9ColorRGBAEPKciijjb
                0x0000000080004dc8                _ZN4Wire11Application14SetApplicationEPS0_
                0x0000000080004dd4                _ZN4Wire11Application14GetApplicationEv
 .text          0x0000000080004e7c      0x314 /home/pete/code/wire3d/Wire/lib/libWire.a(WireGXApplication.o)
                0x0000000080004e7c                _ZN4Wire13GXApplication11OnPrecreateEv
                0x0000000080004e84                _ZN4Wire13GXApplication12OnInitializeEv
                0x0000000080004e8c                _ZN4Wire13GXApplication11OnTerminateEv
                0x0000000080004e90                _ZN4Wire13GXApplication6OnIdleEv
                0x0000000080004e94                _ZN4Wire13GXApplication4MainEiPPc
                0x0000000080005008                _ZN4Wire13GXApplicationD2Ev
                0x0000000080005008                _ZN4Wire13GXApplicationD1Ev
                0x0000000080005084                _ZN4Wire13GXApplicationD0Ev
                0x00000000800050b8                _ZN4Wire13GXApplicationC2ERKNS_9ColorRGBAEPKciijjb
                0x00000000800050b8                _ZN4Wire13GXApplicationC1ERKNS_9ColorRGBAEPKciijjb
 .text          0x0000000080005190      0x28c /home/pete/code/wire3d/Wire/lib/libWire.a(WireStateMaterial.o)
                0x0000000080005190                _ZN4Wire13StateMaterialD1Ev
                0x0000000080005190                _ZN4Wire13StateMaterialD2Ev
                0x00000000800051bc                _ZN4Wire13StateMaterialD0Ev
                0x00000000800051fc                _ZN4Wire13StateMaterial18RegisterInitializeEv
                0x0000000080005248                _ZN4Wire13StateMaterial17RegisterTerminateEv
                0x000000008000530c                _ZN4Wire13StateMaterialC1Ev
                0x000000008000530c                _ZN4Wire13StateMaterialC2Ev
                0x0000000080005380                _ZN4Wire13StateMaterial9TerminateEv
                0x00000000800053ac                _ZN4Wire13StateMaterial10InitializeEv
 .text          0x000000008000541c     0x1600 /home/pete/code/wire3d/Wire/lib/libWire.a(WireRenderer.o)
                0x0000000080005824                _ZN4Wire8Renderer10InitializeEjj
                0x0000000080005844                _ZN4Wire8Renderer9SetStatesEPNS_7PointerINS_5StateEEE
                0x0000000080005934                _ZN4Wire8Renderer6EnableERKNS_6TArrayINS_7PointerINS_5LightEEEEE
                0x0000000080005a00                _ZN4Wire8Renderer7DisableERKNS_6TArrayINS_7PointerINS_5LightEEEEE
                0x0000000080005aa0                _ZN4Wire8Renderer15ClearReferencesEv
                0x0000000080005afc                _ZN4Wire8Renderer11GetResourceEPKNS_11IndexBufferE
                0x0000000080005b3c                _ZN4Wire8Renderer7DisableEPKNS_11IndexBufferE
                0x0000000080005b8c                _ZN4Wire8Renderer4BindEPKNS_11IndexBufferE
                0x0000000080005c38                _ZN4Wire8Renderer6EnableEPKNS_11IndexBufferE
                0x0000000080005cb0                _ZN4Wire8Renderer6UnbindEPKNS_11IndexBufferE
                0x0000000080005d2c                _ZN4Wire8Renderer9UnbindAllEPKNS_11IndexBufferE
                0x0000000080005d48                _ZN4Wire8Renderer11GetResourceEPKNS_12VertexBufferE
                0x0000000080005d88                _ZN4Wire8Renderer6UpdateEPKNS_12VertexBufferE
                0x0000000080005dcc                _ZN4Wire8Renderer7DisableEPKNS_12VertexBufferE
                0x0000000080005e1c                _ZN4Wire8Renderer4BindEPKNS_12VertexBufferE
                0x0000000080005ec8                _ZN4Wire8Renderer6EnableEPKNS_12VertexBufferE
                0x0000000080005f40                _ZN4Wire8Renderer6UnbindEPKNS_12VertexBufferE
                0x0000000080005fbc                _ZN4Wire8Renderer9UnbindAllEPKNS_12VertexBufferE
                0x0000000080005fd8                _ZN4Wire8Renderer11GetResourceEPKNS_9Texture2DE
                0x0000000080006018                _ZN4Wire8Renderer7DisableEPNS_9Texture2DEj
                0x0000000080006078                _ZN4Wire8Renderer7DisableEPNS_8MaterialE
                0x0000000080006100                _ZN4Wire8Renderer4BindEPKNS_9Texture2DE
                0x00000000800061ac                _ZN4Wire8Renderer6EnableEPNS_9Texture2DEj
                0x0000000080006250                _ZN4Wire8Renderer6EnableEPNS_8MaterialE
                0x0000000080006338                _ZN4Wire8Renderer4DrawEPNS_8GeometryE
                0x00000000800063e8                _ZN4Wire8Renderer9DrawSceneERNS_10VisibleSetE
                0x0000000080006460                _ZN4Wire8Renderer7BindAllEPKNS_7SpatialE
                0x00000000800065a0                _ZN4Wire8Renderer6UnbindEPKNS_9Texture2DE
                0x000000008000661c                _ZN4Wire8Renderer9UnbindAllEPKNS_9Texture2DE
                0x0000000080006638                _ZN4Wire8Renderer9UnbindAllEPKNS_7SpatialE
                0x0000000080006778                _ZN4Wire8Renderer22DestroyAllIndexBuffersEv
                0x0000000080006810                _ZN4Wire8Renderer23DestroyAllVertexBuffersEv
                0x00000000800068a8                _ZN4Wire8Renderer20DestroyAllTexture2DsEv
                0x0000000080006940                _ZN4Wire8Renderer9TerminateEv
 .text          0x0000000080006a1c      0x27c /home/pete/code/wire3d/Wire/lib/libWire.a(WireStateCull.o)
                0x0000000080006a1c                _ZN4Wire9StateCullD1Ev
                0x0000000080006a1c                _ZN4Wire9StateCullD2Ev
                0x0000000080006a48                _ZN4Wire9StateCullD0Ev
                0x0000000080006a88                _ZN4Wire9StateCull18RegisterInitializeEv
                0x0000000080006ad4                _ZN4Wire9StateCull17RegisterTerminateEv
                0x0000000080006b98                _ZN4Wire9StateCullC2Ev
                0x0000000080006b98                _ZN4Wire9StateCullC1Ev
                0x0000000080006be0                _ZN4Wire9StateCull9TerminateEv
                0x0000000080006c0c                _ZN4Wire9StateCull10InitializeEv
 .text          0x0000000080006c98       0xf8 /home/pete/code/wire3d/Wire/lib/libWire.a(WireObject.o)
                0x0000000080006c98                _ZN4Wire6ObjectD2Ev
                0x0000000080006c98                _ZN4Wire6ObjectD1Ev
                0x0000000080006ca8                _ZN4Wire6ObjectD0Ev
                0x0000000080006d28                _ZN4Wire6ObjectC2Ev
                0x0000000080006d28                _ZN4Wire6ObjectC1Ev
                0x0000000080006d40                _ZN4Wire6Object19DecrementReferencesEv
 .text          0x0000000080006d90      0x160 /home/pete/code/wire3d/Wire/lib/libWire.a(WireState.o)
                0x0000000080006d90                _ZN4Wire5StateD1Ev
                0x0000000080006d90                _ZN4Wire5StateD2Ev
                0x0000000080006dbc                _ZN4Wire5StateD0Ev
                0x0000000080006dfc                _ZN4Wire5StateC2Ev
                0x0000000080006dfc                _ZN4Wire5StateC1Ev
 .text          0x0000000080006ef0      0x6a4 /home/pete/code/wire3d/Wire/lib/libWire.a(WireCamera.o)
                0x0000000080006ef0                _ZN4Wire6CameraD1Ev
                0x0000000080006ef0                _ZN4Wire6CameraD2Ev
                0x0000000080006f1c                _ZN4Wire6CameraD0Ev
                0x0000000080006fb4                _ZN4Wire6Camera10SetFrustumEffffff
                0x0000000080006fd0                _ZN4Wire6Camera10SetFrustumEffff
                0x0000000080007064                _ZNK4Wire6Camera10GetFrustumERfS1_S1_S1_S1_S1_
                0x0000000080007098                _ZNK4Wire6Camera10GetFrustumERfS1_S1_S1_
                0x0000000080007158                _ZN4Wire6Camera11SetViewportEffff
                0x000000008000716c                _ZN4Wire6Camera11GetViewportERfS1_S1_S1_
                0x0000000080007190                _ZN4Wire6Camera7SetAxesERKNS_7Vector3IfEES4_S4_
                0x0000000080007278                _ZN4Wire6Camera8SetFrameERKNS_7Vector3IfEES4_S4_S4_
                0x00000000800072a0                _ZN4Wire6Camera6LookAtERKNS_7Vector3IfEES4_S4_
                0x0000000080007340                _ZN4Wire6CameraC2ERKNS_7Vector3IfEES4_S4_b
                0x0000000080007340                _ZN4Wire6CameraC1ERKNS_7Vector3IfEES4_S4_b
                0x0000000080007464                _ZN4Wire6CameraC2Eb
                0x0000000080007464                _ZN4Wire6CameraC1Eb
 .text          0x0000000080007594      0xd64 /home/pete/code/wire3d/Wire/lib/libWire.a(WireGeometry.o)
                0x0000000080007594                _ZN4Wire8Geometry16UpdateWorldBoundEv
                0x00000000800075d0                _ZN4Wire8Geometry13GetVisibleSetERNS_6CullerEb
                0x00000000800076fc                _ZN4Wire8Geometry16UpdateModelBoundEv
                0x00000000800077a4                _ZN4Wire8GeometryD2Ev
                0x00000000800077a4                _ZN4Wire8GeometryD1Ev
                0x00000000800078bc                _ZN4Wire8GeometryD0Ev
                0x00000000800078f0                _ZN4Wire8GeometryC1EPNS_12VertexBufferEPNS_11IndexBufferEPNS_8MaterialE
                0x00000000800078f0                _ZN4Wire8GeometryC2EPNS_12VertexBufferEPNS_11IndexBufferEPNS_8MaterialE
                0x0000000080007a78                _ZN4Wire8Geometry11UpdateStateEPNS_6TArrayIPNS_5StateEEEPNS1_IPNS_5LightEEE
                0x0000000080007bdc                _ZN4Wire8Geometry15GenerateNormalsEb
 .text          0x00000000800082f8     0x10ac /home/pete/code/wire3d/Wire/lib/libWire.a(WireSpatial.o)
                0x00000000800082f8                _ZN4Wire7Spatial15UpdateWorldDataEd
                0x00000000800083f8                _ZN4Wire7Spatial20PropagateBoundToRootEv
                0x000000008000844c                _ZN4Wire7Spatial8UpdateBSEv
                0x0000000080008488                _ZN4Wire7Spatial8UpdateGSEdb
                0x0000000080008504                _ZN4Wire7Spatial15OnGetVisibleSetERNS_6CullerEb
                0x00000000800085a8                _ZNK4Wire7Spatial8GetStateENS_5State9StateTypeE
                0x0000000080008678                _ZN4Wire7Spatial8PopStateEPNS_6TArrayIPNS_5StateEEEPNS1_IPNS_5LightEEE
                0x0000000080008858                _ZN4Wire7SpatialD2Ev
                0x0000000080008858                _ZN4Wire7SpatialD1Ev
                0x0000000080008964                _ZN4Wire7SpatialD0Ev
                0x0000000080008998                _ZN4Wire7SpatialC1Ev
                0x0000000080008998                _ZN4Wire7SpatialC2Ev
                0x0000000080008ad4                _ZN4Wire7Spatial11DetachStateENS_5State9StateTypeE
                0x0000000080008c08                _ZN4Wire7Spatial11AttachStateEPNS_5StateE
                0x0000000080008d40                _ZN4Wire7Spatial11AttachLightEPNS_5LightE
                0x0000000080008e04                _ZN4Wire7Spatial12AttachEffectEPNS_6EffectE
                0x0000000080008ec8                _ZN4Wire7Spatial9PushStateEPNS_6TArrayIPNS_5StateEEEPNS1_IPNS_5LightEEE
                0x00000000800090b8                _ZN4Wire7Spatial22PropagateStateFromRootEPNS_6TArrayIPNS_5StateEEEPNS1_IPNS_5LightEEE
                0x0000000080009114                _ZN4Wire7Spatial8UpdateRSEPNS_6TArrayIPNS_5StateEEEPNS1_IPNS_5LightEEE
 .text          0x00000000800093a4     0x3170 /home/pete/code/wire3d/Wire/lib/libWire.a(WireStandardMesh.o)
                0x00000000800093a4                _ZN4Wire12StandardMesh17RegisterTerminateEv
                0x00000000800093f0                _ZN4Wire12StandardMesh9TerminateEv
                0x000000008000941c                _ZN4Wire12StandardMesh10CreateTextEPKcff
                0x0000000080009a28                _ZN4Wire12StandardMesh11CreateCube8Ejbf
                0x0000000080009e64                _ZN4Wire12StandardMesh10CreateQuadEjjbf
                0x000000008000a2e0                _ZN4Wire12StandardMesh12CreateCube14Ejjbf
                0x000000008000a914                _ZN4Wire12StandardMesh12CreateCube24Ejjbf
                0x000000008000b094                _ZN4Wire12StandardMesh11CreatePlaneEjjffjjb
                0x000000008000b564                _ZN4Wire12StandardMesh12CreateSphereEiifjjb
 .text          0x000000008000c514      0x28c /home/pete/code/wire3d/Wire/lib/libWire.a(WireStateAlpha.o)
                0x000000008000c514                _ZN4Wire10StateAlphaD1Ev
                0x000000008000c514                _ZN4Wire10StateAlphaD2Ev
                0x000000008000c540                _ZN4Wire10StateAlphaD0Ev
                0x000000008000c580                _ZN4Wire10StateAlpha18RegisterInitializeEv
                0x000000008000c5cc                _ZN4Wire10StateAlpha17RegisterTerminateEv
                0x000000008000c690                _ZN4Wire10StateAlphaC1Ev
                0x000000008000c690                _ZN4Wire10StateAlphaC2Ev
                0x000000008000c6e0                _ZN4Wire10StateAlpha9TerminateEv
                0x000000008000c70c                _ZN4Wire10StateAlpha10InitializeEv
 .text          0x000000008000c7a0     0x10c0 /home/pete/code/wire3d/Wire/lib/libWire.a(WireImage2D.o)
                0x000000008000c7a0                _ZN4Wire7Image2DD2Ev
                0x000000008000c7a0                _ZN4Wire7Image2DD1Ev
                0x000000008000c7ec                _ZN4Wire7Image2DD0Ev
                0x000000008000c878                _ZNK4Wire7Image2D8GetBoundEjj
                0x000000008000c948                _ZNK4Wire7Image2D14GetMipmapCountEv
                0x000000008000c990                _ZNK4Wire7Image2D17GetMipmapQuantityEj
                0x000000008000c9f0                _ZNK4Wire7Image2D16GetTotalQuantityEv
                0x000000008000cab0                _ZNK4Wire7Image2D15GetMipmapOffsetEj
                0x000000008000cb94                _ZNK4Wire7Image2D9GetMipmapEj
                0x000000008000cc38                _ZN4Wire7Image2D13CreateMipmap1EPhS1_jj
                0x000000008000d0dc                _ZN4Wire7Image2D12CreateMipmapEPhS1_jj
                0x000000008000d610                _ZN4Wire7Image2D13CreateMipmapsEv
                0x000000008000d77c                _ZN4Wire7Image2DC1ENS0_10FormatModeEjjPhb
                0x000000008000d77c                _ZN4Wire7Image2DC2ENS0_10FormatModeEjjPhb
 .text          0x000000008000d860      0x420 /home/pete/code/wire3d/Wire/lib/libWire.a(WireVertexAttributes.o)
                0x000000008000d888                _ZN4Wire16VertexAttributesD2Ev
                0x000000008000d888                _ZN4Wire16VertexAttributesD1Ev
                0x000000008000d8d8                _ZN4Wire16VertexAttributesD0Ev
                0x000000008000d90c                _ZN4Wire16VertexAttributes12ResetOffsetsEv
                0x000000008000d91c                _ZN4Wire16VertexAttributesC1Ev
                0x000000008000d91c                _ZN4Wire16VertexAttributesC2Ev
                0x000000008000d9ec                _ZN4Wire16VertexAttributes13UpdateOffsetsEv
                0x000000008000db78                _ZN4Wire16VertexAttributes17SetNormalChannelsEj
                0x000000008000db80                _ZN4Wire16VertexAttributes19SetPositionChannelsEj
                0x000000008000db88                _ZN4Wire16VertexAttributes17SetTCoordChannelsEjj
                0x000000008000dc04                _ZN4Wire16VertexAttributes16SetColorChannelsEjj
 .text          0x000000008000dc80      0x294 /home/pete/code/wire3d/Wire/lib/libWire.a(WireStateFog.o)
                0x000000008000dc80                _ZN4Wire8StateFogD1Ev
                0x000000008000dc80                _ZN4Wire8StateFogD2Ev
                0x000000008000dcac                _ZN4Wire8StateFogD0Ev
                0x000000008000dcec                _ZN4Wire8StateFog18RegisterInitializeEv
                0x000000008000dd38                _ZN4Wire8StateFog17RegisterTerminateEv
                0x000000008000ddfc                _ZN4Wire8StateFogC1Ev
                0x000000008000ddfc                _ZN4Wire8StateFogC2Ev
                0x000000008000de78                _ZN4Wire8StateFog9TerminateEv
                0x000000008000dea4                _ZN4Wire8StateFog10InitializeEv
 .text          0x000000008000df14      0x284 /home/pete/code/wire3d/Wire/lib/libWire.a(WireStateZBuffer.o)
                0x000000008000df14                _ZN4Wire12StateZBufferD1Ev
                0x000000008000df14                _ZN4Wire12StateZBufferD2Ev
                0x000000008000df40                _ZN4Wire12StateZBufferD0Ev
                0x000000008000df80                _ZN4Wire12StateZBuffer18RegisterInitializeEv
                0x000000008000dfcc                _ZN4Wire12StateZBuffer17RegisterTerminateEv
                0x000000008000e090                _ZN4Wire12StateZBufferC1Ev
                0x000000008000e090                _ZN4Wire12StateZBufferC2Ev
                0x000000008000e0dc                _ZN4Wire12StateZBuffer9TerminateEv
                0x000000008000e108                _ZN4Wire12StateZBuffer10InitializeEv
 .text          0x000000008000e198      0x6a4 /home/pete/code/wire3d/Wire/lib/libWire.a(WireCuller.o)
                0x000000008000e198                _ZN4Wire6CullerD2Ev
                0x000000008000e198                _ZN4Wire6CullerD1Ev
                0x000000008000e1c8                _ZN4Wire6CullerD0Ev
                0x000000008000e20c                _ZN4Wire6CullerC2EiiPKNS_6CameraE
                0x000000008000e20c                _ZN4Wire6CullerC1EiiPKNS_6CameraE
                0x000000008000e248                _ZNK4Wire6Culler9IsVisibleEPKNS_7SpatialE
                0x000000008000e2fc                _ZN4Wire6Culler9IsVisibleEPKNS_14BoundingVolumeE
                0x000000008000e410                _ZN4Wire6Culler10SetFrustumEPKf
                0x000000008000e7cc                _ZN4Wire6Culler17ComputeVisibleSetEPNS_7SpatialE
 .text          0x000000008000e83c      0x2a0 /home/pete/code/wire3d/Wire/lib/libWire.a(WireMaterial.o)
                0x000000008000e894                _ZN4Wire8MaterialC1Ev
                0x000000008000e894                _ZN4Wire8MaterialC2Ev
                0x000000008000e8f8                _ZN4Wire8MaterialD1Ev
                0x000000008000e8f8                _ZN4Wire8MaterialD2Ev
                0x000000008000e98c                _ZN4Wire8MaterialD0Ev
                0x000000008000e9c0                _ZN4Wire8Material10SetTextureEjPNS_9Texture2DENS0_9BlendModeE
                0x000000008000ea50                _ZN4Wire8Material10AddTextureEPNS_9Texture2DENS0_9BlendModeE
 .text          0x000000008000eadc      0x540 /home/pete/code/wire3d/Wire/lib/libWire.a(WireSceneObject.o)
                0x000000008000eb34                _ZN4Wire11SceneObject17UpdateControllersEd
                0x000000008000ebdc                _ZN4Wire11SceneObjectC2Ev
                0x000000008000ebdc                _ZN4Wire11SceneObjectC1Ev
                0x000000008000ecb0                _ZN4Wire11SceneObject20DetachAllControllersEv
                0x000000008000ed88                _ZN4Wire11SceneObjectD1Ev
                0x000000008000ed88                _ZN4Wire11SceneObjectD2Ev
                0x000000008000edfc                _ZN4Wire11SceneObjectD0Ev
                0x000000008000ee30                _ZN4Wire11SceneObject16DetachControllerEPNS_10ControllerE
                0x000000008000ef44                _ZN4Wire11SceneObject16AttachControllerEPNS_10ControllerE
 .text          0x000000008000f01c       0x54 /home/pete/code/wire3d/Wire/lib/libWire.a(WireRtti.o)
                0x000000008000f01c                _ZN4Wire4RttiC1EPKcPKS0_
                0x000000008000f01c                _ZN4Wire4RttiC2EPKcPKS0_
                0x000000008000f028                _ZN4Wire4RttiD2Ev
                0x000000008000f028                _ZN4Wire4RttiD1Ev
                0x000000008000f02c                _ZNK4Wire4Rtti9IsDerivedERKS0_
 .text          0x000000008000f070      0x26c /home/pete/code/wire3d/Wire/lib/libWire.a(WireStateWireframe.o)
                0x000000008000f070                _ZN4Wire14StateWireframeD1Ev
                0x000000008000f070                _ZN4Wire14StateWireframeD2Ev
                0x000000008000f09c                _ZN4Wire14StateWireframeD0Ev
                0x000000008000f0dc                _ZN4Wire14StateWireframe18RegisterInitializeEv
                0x000000008000f128                _ZN4Wire14StateWireframe17RegisterTerminateEv
                0x000000008000f1ec                _ZN4Wire14StateWireframeC1Ev
                0x000000008000f1ec                _ZN4Wire14StateWireframeC2Ev
                0x000000008000f22c                _ZN4Wire14StateWireframe9TerminateEv
                0x000000008000f258                _ZN4Wire14StateWireframe10InitializeEv
 .text          0x000000008000f2dc      0x964 /home/pete/code/wire3d/Wire/lib/libWire.a(WireNode.o)
                0x000000008000f2dc                _ZN4Wire4Node16UpdateWorldBoundEv
                0x000000008000f3b4                _ZN4Wire4Node11UpdateStateEPNS_6TArrayIPNS_5StateEEEPNS1_IPNS_5LightEEE
                0x000000008000f45c                _ZN4Wire4Node13GetVisibleSetERNS_6CullerEb
                0x000000008000f590                _ZN4Wire4Node15UpdateWorldDataEd
                0x000000008000f678                _ZN4Wire4Node8GetChildEj
                0x000000008000f728                _ZN4Wire4Node11DetachChildEPNS_7SpatialE
                0x000000008000f7cc                _ZN4Wire4Node13DetachChildAtEj
                0x000000008000f89c                _ZN4Wire4NodeD1Ev
                0x000000008000f89c                _ZN4Wire4NodeD2Ev
                0x000000008000f950                _ZN4Wire4NodeD0Ev
                0x000000008000f984                _ZN4Wire4NodeC2Ejj
                0x000000008000f984                _ZN4Wire4NodeC1Ejj
                0x000000008000fa28                _ZN4Wire4Node8SetChildEjPNS_7SpatialE
                0x000000008000fb48                _ZN4Wire4Node11AttachChildEPNS_7SpatialE
 .text          0x000000008000fc40     0x17a8 /home/pete/code/wire3d/Wire/lib/libWire.a(WireGXRenderer.o)
                0x000000008000fc40                _ZN4Wire8Renderer12ClearBuffersEv
                0x000000008000fc88                _ZN4Wire8Renderer17DisplayBackBufferEv
                0x000000008000fd24                _ZN4Wire8Renderer13SetClearColorERKNS_9ColorRGBAE
                0x000000008000fdf8                _ZN4Wire8Renderer13OnFrameChangeEv
                0x000000008000ff38                _ZN4Wire8Renderer16OnViewportChangeEv
                0x00000000800101b4                _ZN4Wire15PdrRendererDataC1Ev
                0x00000000800101b4                _ZN4Wire15PdrRendererDataC2Ev
                0x0000000080010228                _ZN4Wire15PdrRendererData22ConvertRGBA8888ToTilesEPhttS1_
                0x00000000800103a0                _ZN4Wire15PdrRendererData20ConvertRGB888ToTilesEPhttS1_
                0x0000000080010520                _ZN4Wire15PdrRendererData20ConvertRGB565ToTilesEPhttS1_
                0x000000008001062c                _ZN4Wire15PdrRendererData22ConvertRGBA4444ToTilesEPhttS1_
                0x0000000080010760                _ZN4Wire15PdrRendererData19GetTotalImageMemoryEPKNS_7Image2DEj
                0x0000000080010834                _ZN4Wire15PdrRendererData12GetTileCountERjRtS1_S2_
                0x0000000080010890                _ZN4Wire15PdrRendererData4DrawERKNS_6TArrayINS_15PdrVertexBuffer13VertexElementEEERKNS_11IndexBufferE
                0x000000008001097c                _ZN4Wire15PdrRendererData13DrawWireframeEPKNS_15PdrVertexBufferERKNS_11IndexBufferE
                0x0000000080010b14                _ZN4Wire8Renderer8PostDrawEv
                0x0000000080010b34                _ZN4Wire8Renderer6ResizeEjj
                0x0000000080010b38                _ZN4Wire15PdrRendererData14GetFramebufferEv
                0x0000000080010b40                _ZN4Wire15PdrRendererData19SetFramebufferIndexEj
                0x0000000080010b48                _ZN4Wire8Renderer9SetCameraEPNS_6CameraE
                0x0000000080010c1c                _ZN4Wire8Renderer7PreDrawEPNS_6CameraE
                0x0000000080010c44                _ZN4Wire8Renderer8SetStateEPNS_14StateWireframeE
                0x0000000080010c68                _ZN4Wire8RendererD2Ev
                0x0000000080010c68                _ZN4Wire8RendererD1Ev
                0x0000000080010d38                _ZN4Wire8RendererC2ERNS_16PdrRendererInputEjjb
                0x0000000080010d38                _ZN4Wire8RendererC1ERNS_16PdrRendererInputEjjb
                0x00000000800110bc                _ZN4Wire8Renderer12DrawElementsEPNS_8GeometryE
 .text          0x00000000800113e8      0x4c0 /home/pete/code/wire3d/Wire/lib/libWire.a(WireGXTexture2D.o)
                0x00000000800113e8                _ZN4Wire12PdrTexture2DC2EPNS_8RendererEPKNS_9Texture2DE
                0x00000000800113e8                _ZN4Wire12PdrTexture2DC1EPNS_8RendererEPKNS_9Texture2DE
                0x0000000080011640                _ZN4Wire12PdrTexture2DD2Ev
                0x0000000080011640                _ZN4Wire12PdrTexture2DD1Ev
                0x0000000080011664                _ZN4Wire12PdrTexture2D6EnableEPNS_8RendererEPKNS_9Texture2DEj
                0x0000000080011818                _ZN4Wire12PdrTexture2D7DisableEPNS_8RendererEj
 .text          0x00000000800118a8      0x8f8 /home/pete/code/wire3d/Wire/lib/libWire.a(WireGXVertexBuffer.o)
                0x00000000800118a8                _ZN4Wire15PdrVertexBufferD1Ev
                0x00000000800118a8                _ZN4Wire15PdrVertexBufferD2Ev
                0x00000000800118e8                _ZN4Wire15PdrVertexBuffer6EnableEPNS_8RendererE
                0x0000000080011a4c                _ZN4Wire15PdrVertexBuffer7DisableEPNS_8RendererE
                0x0000000080011a5c                _ZN4Wire15PdrVertexBuffer7ConvertEPKNS_12VertexBufferEPf
                0x0000000080011cec                _ZN4Wire15PdrVertexBuffer6UpdateEPKNS_12VertexBufferE
                0x0000000080011de0                _ZN4Wire15PdrVertexBufferC1EPNS_8RendererEPKNS_12VertexBufferE
                0x0000000080011de0                _ZN4Wire15PdrVertexBufferC2EPNS_8RendererEPKNS_12VertexBufferE
 .text          0x00000000800121a0       0xbc /home/pete/code/wire3d/Wire/lib/libWire.a(WireGXBlendMode.o)
                0x00000000800121a0                _ZN4Wire8Renderer12SetBlendModeENS_8Material9BlendModeEjb
 .text          0x000000008001225c      0x1b8 /home/pete/code/wire3d/Wire/lib/libWire.a(WireGXStateFog.o)
                0x000000008001225c                _ZN4Wire8Renderer8SetStateEPNS_8StateFogE
 .text          0x0000000080012414       0xd8 /home/pete/code/wire3d/Wire/lib/libWire.a(WireGXStateZBuffer.o)
                0x0000000080012414                _ZN4Wire8Renderer8SetStateEPNS_12StateZBufferE
 .text          0x00000000800124ec      0x1c8 /home/pete/code/wire3d/Wire/lib/libWire.a(WireGXIndexBuffer.o)
                0x00000000800124ec                _ZN4Wire14PdrIndexBuffer6EnableEPNS_8RendererE
                0x0000000080012540                _ZN4Wire14PdrIndexBuffer7DisableEPNS_8RendererE
                0x0000000080012550                _ZN4Wire14PdrIndexBufferD2Ev
                0x0000000080012550                _ZN4Wire14PdrIndexBufferD1Ev
                0x0000000080012600                _ZN4Wire14PdrIndexBufferC1EPNS_8RendererEPKNS_11IndexBufferE
                0x0000000080012600                _ZN4Wire14PdrIndexBufferC2EPNS_8RendererEPKNS_11IndexBufferE
 .text          0x00000000800126b4      0x14c /home/pete/code/wire3d/Wire/lib/libWire.a(WireGXDisplayList.o)
                0x00000000800126b4                _ZN4Wire14PdrDisplayListD1Ev
                0x00000000800126b4                _ZN4Wire14PdrDisplayListD2Ev
                0x00000000800126f8                _ZN4Wire14PdrDisplayListD0Ev
                0x000000008001272c                _ZN4Wire14PdrDisplayListC1EPNS_15PdrRendererDataERKNS_11IndexBufferERKNS_6TArrayINS_15PdrVertexBuffer13VertexElementEEE
                0x000000008001272c                _ZN4Wire14PdrDisplayListC2EPNS_15PdrRendererDataERKNS_11IndexBufferERKNS_6TArrayINS_15PdrVertexBuffer13VertexElementEEE
 .text          0x0000000080012800      0x48c /home/pete/code/wire3d/Wire/lib/libWire.a(WireGXLight.o)
                0x0000000080012800                _ZN4Wire8Renderer8SetLightEPKNS_5LightEj
                0x0000000080012b70                _ZN4Wire8Renderer14EnableLightingEv
                0x0000000080012ba4                _ZN4Wire8Renderer15DisableLightingEv
 .text          0x0000000080012c8c      0x148 /home/pete/code/wire3d/Wire/lib/libWire.a(WireGXStateMaterial.o)
                0x0000000080012c8c                _ZN4Wire8Renderer8SetStateEPNS_13StateMaterialE
 .text          0x0000000080012dd4       0xf8 /home/pete/code/wire3d/Wire/lib/libWire.a(WireGXStateCull.o)
                0x0000000080012dd4                _ZN4Wire8Renderer8SetStateEPNS_9StateCullE
 .text          0x0000000080012ecc      0x120 /home/pete/code/wire3d/Wire/lib/libWire.a(WireGXStateAlpha.o)
                0x0000000080012ecc                _ZN4Wire8Renderer8SetStateEPNS_10StateAlphaE
 .text          0x0000000080012fec       0xf0 /home/pete/code/wire3d/Wire/lib/libWire.a(WireColorRGB.o)
                0x0000000080012fec                _ZN4Wire8ColorRGBC1Ev
                0x0000000080012fec                _ZN4Wire8ColorRGBC2Ev
                0x0000000080013000                _ZN4Wire8ColorRGBC2Efff
                0x0000000080013000                _ZN4Wire8ColorRGBC1Efff
                0x0000000080013010                _ZNK4Wire8ColorRGBmlEf
                0x0000000080013038                _ZN4Wire8ColorRGBmLEf
                0x0000000080013060                _ZmlfRKN4Wire8ColorRGBE
 .text          0x00000000800130dc       0x90 /home/pete/code/wire3d/Wire/lib/libWire.a(WireVector3.o)
 .text          0x000000008001316c      0x95c /home/pete/code/wire3d/Wire/lib/libWire.a(WireSystem.o)
                0x000000008001316c                _ZN4Wire6System7GetTimeEv
                0x00000000800131fc                _ZN4Wire6System5PrintEPKcz
                0x00000000800132ec                _ZN4Wire6System6AssertEPKcS2_i
                0x00000000800133c0                _ZN4Wire6System5FopenEPKcS2_
                0x00000000800133e0                _ZN4Wire6System6StrcpyEPcjPKc
                0x000000008001348c                _ZN4Wire6System6StrcatEPcjPKc
                0x0000000080013550                _ZN4Wire6System7StrncpyEPcjPKcj
                0x00000000800135d0                _ZN4Wire6System7SprintfEPcjPKcz
                0x0000000080013678                _ZN4Wire6System6MemcpyEPvjPKvj
                0x00000000800136f4                _ZN4Wire6System6MemsetEPvij
                0x0000000080013714                _ZN4Wire6System6MemcmpEPKvS2_j
                0x0000000080013734                _ZN4Wire6System6FcloseEP7__sFILE
                0x0000000080013768                _ZN4Wire6System4SaveEPKcS2_i
                0x0000000080013808                _ZN4Wire6System4SaveEPKcPKhi
                0x000000008001380c                _ZN4Wire6System4LoadEPKcRPcRi
                0x000000008001391c                _ZN4Wire6System4LoadEPKcRPhRi
                0x0000000080013920                _ZN4Wire6System7FprintfEP7__sFILEPKcz
                0x00000000800139cc                _ZN4Wire6System6StrlenEPKc
                0x00000000800139ec                _ZN4Wire6System7ToupperEi
                0x0000000080013a0c                _ZN4Wire6System7TolowerEi
 .text          0x0000000080013ac8      0x680 /home/pete/code/wire3d/Wire/lib/libWire.a(WireVertexBuffer.o)
                0x0000000080013ac8                _ZN4Wire12VertexBufferD1Ev
                0x0000000080013ac8                _ZN4Wire12VertexBufferD2Ev
                0x0000000080013b4c                _ZN4Wire12VertexBufferD0Ev
                0x0000000080013c70                _ZN4Wire12VertexBuffer9Position3Ej
                0x0000000080013c90                _ZNK4Wire12VertexBuffer9Position3Ej
                0x0000000080013cc8                _ZN4Wire12VertexBuffer6Color3Ejj
                0x0000000080013d00                _ZNK4Wire12VertexBuffer6Color3Ejj
                0x0000000080013d58                _ZN4Wire12VertexBuffer6Color4Ejj
                0x0000000080013d90                _ZNK4Wire12VertexBuffer6Color4Ejj
                0x0000000080013df0                _ZN4Wire12VertexBuffer7Normal3Ej
                0x0000000080013e10                _ZNK4Wire12VertexBuffer7Normal3Ej
                0x0000000080013e48                _ZN4Wire12VertexBuffer7TCoord2Ejj
                0x0000000080013e80                _ZNK4Wire12VertexBuffer7TCoord2Ejj
                0x0000000080013ec0                _ZN4Wire12VertexBufferC1ERKNS_16VertexAttributesEjNS_6Buffer9UsageTypeE
                0x0000000080013ec0                _ZN4Wire12VertexBufferC2ERKNS_16VertexAttributesEjNS_6Buffer9UsageTypeE
                0x0000000080013fec                _ZN4Wire12VertexBuffer23GeneratePlatonicNormalsEv
 .text          0x0000000080014148      0x4ec /home/pete/code/wire3d/Wire/lib/libWire.a(WireSphereBV.o)
                0x0000000080014148                _ZN4Wire8SphereBV8CopyFromEPKNS_14BoundingVolumeE
                0x000000008001416c                _ZN4Wire8SphereBV11TransformByERKNS_14TransformationEPNS_14BoundingVolumeE
                0x00000000800141e4                _ZN4Wire8SphereBVD1Ev
                0x00000000800141e4                _ZN4Wire8SphereBVD2Ev
                0x0000000080014210                _ZN4Wire8SphereBVD0Ev
                0x00000000800142a8                _ZN4Wire8SphereBVC1Ev
                0x00000000800142a8                _ZN4Wire8SphereBVC2Ev
                0x0000000080014308                _ZN4Wire14BoundingVolume6CreateEv
                0x000000008001435c                _ZN4Wire8SphereBVC2ERKNS_7Sphere3IfEE
                0x000000008001435c                _ZN4Wire8SphereBVC1ERKNS_7Sphere3IfEE
                0x00000000800143c0                _ZN4Wire8SphereBV15ComputeFromDataEPKNS_12VertexBufferE
                0x0000000080014570                _ZNK4Wire8SphereBV9WhichSideERKNS_6Plane3IfEE
                0x00000000800145cc                _ZN4Wire8SphereBV13GrowToContainEPKNS_14BoundingVolumeE
 .text          0x0000000080014634      0x1e4 /home/pete/code/wire3d/Wire/lib/libWire.a(WireIndexBuffer.o)
                0x0000000080014634                _ZN4Wire11IndexBufferD2Ev
                0x0000000080014634                _ZN4Wire11IndexBufferD1Ev
                0x00000000800146a0                _ZN4Wire11IndexBufferD0Ev
                0x000000008001479c                _ZN4Wire11IndexBufferC1EjNS_6Buffer9UsageTypeE
                0x000000008001479c                _ZN4Wire11IndexBufferC2EjNS_6Buffer9UsageTypeE
 .text          0x0000000080014818      0x214 /home/pete/code/wire3d/Wire/lib/libWire.a(WireTexture2D.o)
                0x00000000800148e0                _ZN4Wire9Texture2DC2EPNS_7Image2DENS_6Buffer9UsageTypeE
                0x00000000800148e0                _ZN4Wire9Texture2DC1EPNS_7Image2DENS_6Buffer9UsageTypeE
                0x0000000080014974                _ZN4Wire9Texture2DD1Ev
                0x0000000080014974                _ZN4Wire9Texture2DD2Ev
                0x00000000800149e8                _ZN4Wire9Texture2DD0Ev
 .text          0x0000000080014a2c      0xcf4 /home/pete/code/wire3d/Wire/lib/libWire.a(WireTransformation.o)
                0x0000000080014a2c                _ZN4Wire14TransformationC1Ev
                0x0000000080014a2c                _ZN4Wire14TransformationC2Ev
                0x0000000080014a7c                _ZN4Wire14TransformationD2Ev
                0x0000000080014a7c                _ZN4Wire14TransformationD1Ev
                0x0000000080014a80                _ZN4Wire14Transformation9SetRotateERKNS_7Matrix3IfEE
                0x0000000080014adc                _ZNK4Wire14Transformation9GetRotateEv
                0x0000000080014b30                _ZN4Wire14Transformation9SetRotateERKNS_8Matrix34IfEE
                0x0000000080014ba0                _ZN4Wire14Transformation9SetMatrixERKNS_8Matrix34IfEE
                0x0000000080014be0                _ZN4Wire14Transformation12SetTranslateERKNS_7Vector3IfEE
                0x0000000080014c04                _ZN4Wire14Transformation8SetScaleERKNS_7Vector3IfEE
                0x0000000080014c2c                _ZN4Wire14Transformation15SetUniformScaleEf
                0x0000000080014c4c                _ZNK4Wire14Transformation17GetTransformationERNS_8Matrix34IfEE
                0x0000000080014d50                _ZNK4Wire14Transformation14GetHomogeneousERNS_7Matrix4IfEE
                0x0000000080014e9c                _ZNK4Wire14Transformation12ApplyForwardERKNS_7Vector3IfEE
                0x000000008001503c                _ZNK4Wire14Transformation7GetNormEv
                0x0000000080015114                _ZN4Wire14Transformation7ProductERKS0_S2_
                0x00000000800154fc                _ZNK4Wire14Transformation12ApplyInverseERKNS_7Vector3IfEE
 .text          0x0000000080015720      0x10c /home/pete/code/wire3d/Wire/lib/libWire.a(WireBoundingVolume.o)
                0x0000000080015720                _ZN4Wire14BoundingVolumeD1Ev
                0x0000000080015720                _ZN4Wire14BoundingVolumeD2Ev
                0x000000008001574c                _ZN4Wire14BoundingVolumeD0Ev
                0x00000000800157e4                _ZN4Wire14BoundingVolumeC1Ev
                0x00000000800157e4                _ZN4Wire14BoundingVolumeC2Ev
 .text          0x000000008001582c      0x11c /home/pete/code/wire3d/Wire/lib/libWire.a(WireBuffer.o)
                0x000000008001582c                _ZN4Wire6BufferD1Ev
                0x000000008001582c                _ZN4Wire6BufferD2Ev
                0x0000000080015858                _ZN4Wire6BufferD0Ev
                0x00000000800158f0                _ZN4Wire6BufferC1ENS0_9UsageTypeE
                0x00000000800158f0                _ZN4Wire6BufferC2ENS0_9UsageTypeE
 .text          0x0000000080015948      0x13c /home/pete/code/wire3d/Wire/lib/libWire.a(WireVisibleSet.o)
                0x0000000080015948                _ZN4Wire10VisibleSetD1Ev
                0x0000000080015948                _ZN4Wire10VisibleSetD2Ev
                0x0000000080015984                _ZN4Wire10VisibleSetD0Ev
                0x00000000800159b8                _ZN4Wire10VisibleSetC1Ejj
                0x00000000800159b8                _ZN4Wire10VisibleSetC2Ejj
                0x0000000080015a54                _ZN4Wire10VisibleSet6InsertEPNS_7SpatialEPNS_6EffectE
 .text          0x0000000080015a84       0xe4 /home/pete/code/wire3d/Wire/lib/libWire.a(WireMatrix34.o)
 *fill*         0x0000000080015b68       0x18 00000000
 .text          0x0000000080015b80      0x4ec /opt/devkitpro/libogc/lib/wii/libogc.a(lwp_handler.o)
                0x0000000080015b80                _cpu_context_save_fp
                0x0000000080015cc0                _cpu_context_restore_fp
                0x0000000080015e00                _cpu_context_switch
                0x0000000080015f80                _cpu_context_save
                0x0000000080016000                _cpu_context_restore
 .text          0x000000008001606c      0x4f0 /opt/devkitpro/libogc/lib/wii/libogc.a(cache_asm.o)
                0x000000008001606c                DCFlashInvalidate
                0x0000000080016080                DCEnable
                0x0000000080016094                DCDisable
                0x00000000800160a8                DCFreeze
                0x00000000800160bc                DCUnfreeze
                0x00000000800160d0                DCTouchLoad
                0x00000000800160d8                DCBlockZero
                0x00000000800160e0                DCBlockStore
                0x00000000800160e8                DCBlockFlush
                0x00000000800160f0                DCBlockInvalidate
                0x00000000800160f8                DCInvalidateRange
                0x0000000080016128                DCFlushRange
                0x000000008001615c                DCStoreRange
                0x0000000080016190                DCFlushRangeNoSync
                0x00000000800161c0                DCStoreRangeNoSync
                0x00000000800161f0                DCZeroRange
                0x0000000080016220                DCTouchRange
                0x0000000080016250                ICInvalidateRange
                0x0000000080016288                ICFlashInvalidate
                0x000000008001629c                ICEnable
                0x00000000800162b0                ICDisable
                0x00000000800162c4                ICFreeze
                0x00000000800162d8                ICUnfreeze
                0x00000000800162ec                ICBlockInvalidate
                0x00000000800162f4                ICSync
                0x00000000800162fc                L2Init
                0x0000000080016344                L2Enable
                0x0000000080016360                L2Disable
                0x0000000080016378                L2GlobalInvalidate
                0x00000000800163d0                __LCEnable
                0x0000000080016498                LCDisable
                0x00000000800164c0                LCAllocOneTag
                0x00000000800164d4                LCAllocTags
                0x0000000080016514                LCLoadBlocks
                0x0000000080016538                LCStoreBlocks
 .text          0x000000008001655c      0x4b0 /opt/devkitpro/libogc/lib/wii/libogc.a(system_asm.o)
                0x000000008001655c                __realmode
                0x0000000080016574                __configBATS
                0x00000000800166a4                __InitFPRS
                0x00000000800167d0                __InitPS
                0x000000008001682c                __InitCache
                0x0000000080016884                __InitSystem